Component: ARM Compiler 5.06 update 7 (build 960) Tool: armlink [4d3601]

==============================================================================

Section Cross References

    startup_stm32f401xc.o(STACK) refers (Special) to heapauxi.o(.text) for __use_two_region_memory
    startup_stm32f401xc.o(HEAP) refers (Special) to heapauxi.o(.text) for __use_two_region_memory
    startup_stm32f401xc.o(RESET) refers (Special) to heapauxi.o(.text) for __use_two_region_memory
    startup_stm32f401xc.o(RESET) refers to startup_stm32f401xc.o(STACK) for __initial_sp
    startup_stm32f401xc.o(RESET) refers to startup_stm32f401xc.o(.text) for Reset_Handler
    startup_stm32f401xc.o(RESET) refers to stm32f4xx_it.o(i.NMI_Handler) for NMI_Handler
    startup_stm32f401xc.o(RESET) refers to stm32f4xx_it.o(i.HardFault_Handler) for HardFault_Handler
    startup_stm32f401xc.o(RESET) refers to stm32f4xx_it.o(i.MemManage_Handler) for MemManage_Handler
    startup_stm32f401xc.o(RESET) refers to stm32f4xx_it.o(i.BusFault_Handler) for BusFault_Handler
    startup_stm32f401xc.o(RESET) refers to stm32f4xx_it.o(i.UsageFault_Handler) for UsageFault_Handler
    startup_stm32f401xc.o(RESET) refers to stm32f4xx_it.o(i.SVC_Handler) for SVC_Handler
    startup_stm32f401xc.o(RESET) refers to stm32f4xx_it.o(i.DebugMon_Handler) for DebugMon_Handler
    startup_stm32f401xc.o(RESET) refers to stm32f4xx_it.o(i.PendSV_Handler) for PendSV_Handler
    startup_stm32f401xc.o(RESET) refers to stm32f4xx_it.o(i.SysTick_Handler) for SysTick_Handler
    startup_stm32f401xc.o(RESET) refers to stm32f4xx_it.o(i.TIM1_UP_TIM10_IRQHandler) for TIM1_UP_TIM10_IRQHandler
    startup_stm32f401xc.o(RESET) refers to stm32f4xx_it.o(i.USART1_IRQHandler) for USART1_IRQHandler
    startup_stm32f401xc.o(.text) refers (Special) to heapauxi.o(.text) for __use_two_region_memory
    startup_stm32f401xc.o(.text) refers to system_stm32f4xx.o(i.SystemInit) for SystemInit
    startup_stm32f401xc.o(.text) refers to __main.o(!!!main) for __main
    startup_stm32f401xc.o(.text) refers to startup_stm32f401xc.o(HEAP) for Heap_Mem
    startup_stm32f401xc.o(.text) refers to startup_stm32f401xc.o(STACK) for Stack_Mem
    main.o(i.SystemClock_Config) refers to rt_memclr_w.o(.text) for __aeabi_memclr4
    main.o(i.SystemClock_Config) refers to stm32f4xx_hal_rcc.o(i.HAL_RCC_OscConfig) for HAL_RCC_OscConfig
    main.o(i.SystemClock_Config) refers to main.o(i.Error_Handler) for Error_Handler
    main.o(i.SystemClock_Config) refers to stm32f4xx_hal_rcc.o(i.HAL_RCC_ClockConfig) for HAL_RCC_ClockConfig
    main.o(i.main) refers to stm32f4xx_hal.o(i.HAL_Init) for HAL_Init
    main.o(i.main) refers to main.o(i.SystemClock_Config) for SystemClock_Config
    main.o(i.main) refers to gpio.o(i.MX_GPIO_Init) for MX_GPIO_Init
    main.o(i.main) refers to tim.o(i.MX_TIM11_Init) for MX_TIM11_Init
    main.o(i.main) refers to tim.o(i.MX_TIM1_Init) for MX_TIM1_Init
    main.o(i.main) refers to usart.o(i.MX_USART1_UART_Init) for MX_USART1_UART_Init
    main.o(i.main) refers to i2c.o(i.MX_I2C1_Init) for MX_I2C1_Init
    main.o(i.main) refers to tim.o(i.MX_TIM10_Init) for MX_TIM10_Init
    main.o(i.main) refers to stm32f4xx_hal_tim.o(i.HAL_TIM_Base_Start_IT) for HAL_TIM_Base_Start_IT
    main.o(i.main) refers to stm32f4xx_hal_tim.o(i.HAL_TIM_Base_Start) for HAL_TIM_Base_Start
    main.o(i.main) refers to stm32f4xx_hal_tim.o(i.HAL_TIM_PWM_Start) for HAL_TIM_PWM_Start
    main.o(i.main) refers to stm32f4xx_hal_uart.o(i.HAL_UART_Receive_IT) for HAL_UART_Receive_IT
    main.o(i.main) refers to oled.o(i.OLED_Init) for OLED_Init
    main.o(i.main) refers to tim.o(.bss) for htim1
    main.o(i.main) refers to ctrl.o(.data) for ReceiveByte
    main.o(i.main) refers to usart.o(.bss) for huart1
    i2c.o(i.HAL_I2C_MspDeInit) refers to stm32f4xx_hal_gpio.o(i.HAL_GPIO_DeInit) for HAL_GPIO_DeInit
    i2c.o(i.HAL_I2C_MspInit) refers to rt_memclr_w.o(.text) for __aeabi_memclr4
    i2c.o(i.HAL_I2C_MspInit) refers to stm32f4xx_hal_gpio.o(i.HAL_GPIO_Init) for HAL_GPIO_Init
    i2c.o(i.MX_I2C1_Init) refers to stm32f4xx_hal_i2c.o(i.HAL_I2C_Init) for HAL_I2C_Init
    i2c.o(i.MX_I2C1_Init) refers to main.o(i.Error_Handler) for Error_Handler
    i2c.o(i.MX_I2C1_Init) refers to i2c.o(.bss) for hi2c1
    tim.o(i.HAL_TIM_Base_MspInit) refers to stm32f4xx_hal_cortex.o(i.HAL_NVIC_SetPriority) for HAL_NVIC_SetPriority
    tim.o(i.HAL_TIM_Base_MspInit) refers to stm32f4xx_hal_cortex.o(i.HAL_NVIC_EnableIRQ) for HAL_NVIC_EnableIRQ
    tim.o(i.HAL_TIM_MspPostInit) refers to rt_memclr_w.o(.text) for __aeabi_memclr4
    tim.o(i.HAL_TIM_MspPostInit) refers to stm32f4xx_hal_gpio.o(i.HAL_GPIO_Init) for HAL_GPIO_Init
    tim.o(i.MX_TIM10_Init) refers to rt_memclr_w.o(.text) for __aeabi_memclr4
    tim.o(i.MX_TIM10_Init) refers to stm32f4xx_hal_tim.o(i.HAL_TIM_Base_Init) for HAL_TIM_Base_Init
    tim.o(i.MX_TIM10_Init) refers to main.o(i.Error_Handler) for Error_Handler
[...]
    .constdata                               0x080072c2   Section       24  system_stm32f4xx.o(.constdata)
    x$fpl$usenofp                            0x080072c2   Section        0  usenofp.o(x$fpl$usenofp)
    .constdata                               0x080072da   Section     4212  oled.o(.constdata)
    .constdata                               0x0800834e   Section       17  __printf_flags_ss_wp.o(.constdata)
    maptable                                 0x0800834e   Data          17  __printf_flags_ss_wp.o(.constdata)
    .constdata                               0x08008360   Section        8  _printf_wctomb.o(.constdata)
    initial_mbstate                          0x08008360   Data           8  _printf_wctomb.o(.constdata)
    .constdata                               0x08008368   Section       40  _printf_hex_int_ll_ptr.o(.constdata)
    uc_hextab                                0x08008368   Data          20  _printf_hex_int_ll_ptr.o(.constdata)
    lc_hextab                                0x0800837c   Data          20  _printf_hex_int_ll_ptr.o(.constdata)
    .constdata                               0x08008390   Section      200  rred.o(.constdata)
    pio2s                                    0x08008390   Data          48  rred.o(.constdata)
    twooverpi                                0x080083c0   Data         152  rred.o(.constdata)
    .constdata                               0x08008458   Section       96  tan_i.o(.constdata)
    Todd                                     0x08008458   Data          48  tan_i.o(.constdata)
    Teven                                    0x08008488   Data          48  tan_i.o(.constdata)
    .constdata                               0x080084b8   Section       38  _printf_fp_hex.o(.constdata)
    lc_hextab                                0x080084b8   Data          19  _printf_fp_hex.o(.constdata)
    uc_hextab                                0x080084cb   Data          19  _printf_fp_hex.o(.constdata)
    .constdata                               0x080084e0   Section      148  bigflt0.o(.constdata)
    tenpwrs_x                                0x080084e0   Data          60  bigflt0.o(.constdata)
    tenpwrs_i                                0x0800851c   Data          64  bigflt0.o(.constdata)
    locale$$data                             0x08008594   Section       28  lc_numeric_c.o(locale$$data)
    __lcnum_c_name                           0x08008598   Data           2  lc_numeric_c.o(locale$$data)
    __lcnum_c_start                          0x080085a0   Data           0  lc_numeric_c.o(locale$$data)
    __lcnum_c_point                          0x080085ac   Data           0  lc_numeric_c.o(locale$$data)
    __lcnum_c_thousands                      0x080085ae   Data           0  lc_numeric_c.o(locale$$data)
    __lcnum_c_grouping                       0x080085af   Data           0  lc_numeric_c.o(locale$$data)
    locale$$data                             0x080085b0   Section      272  lc_ctype_c.o(locale$$data)
    __lcnum_c_end                            0x080085b0   Data           0  lc_numeric_c.o(locale$$data)
    __lcctype_c_name                         0x080085b4   Data           2  lc_ctype_c.o(locale$$data)
    __lcctype_c_start                        0x080085bc   Data           0  lc_ctype_c.o(locale$$data)
    __lcctype_c_end                          0x080086c0   Data           0  lc_ctype_c.o(locale$$data)
    .data                                    0x20000000   Section        9  stm32f4xx_hal.o(.data)
    .data                                    0x2000000c   Section        4  system_stm32f4xx.o(.data)
    .data                                    0x20000010   Section        6  oled.o(.data)
    ap                                       0x20000010   Data           4  oled.o(.data)
    len                                      0x20000014   Data           2  oled.o(.data)
    .data                                    0x20000016   Section       12  ctrl.o(.data)
    .bss                                     0x20000024   Section       84  i2c.o(.bss)
    .bss                                     0x20000078   Section      216  tim.o(.bss)
    .bss                                     0x20000150   Section       68  usart.o(.bss)
    .bss                                     0x20000194   Section     1152  oled.o(.bss)
    oled_buf                                 0x20000594   Data         128  oled.o(.bss)
    .bss                                     0x20000614   Section      412  ctrl.o(.bss)
    .bss                                     0x200007b0   Section       96  libspace.o(.bss)
    HEAP                                     0x20000810   Section      512  startup_stm32f401xc.o(HEAP)
    Heap_Mem                                 0x20000810   Data         512  startup_stm32f401xc.o(HEAP)
    STACK                                    0x20000a10   Section     1024  startup_stm32f401xc.o(STACK)
    Stack_Mem                                0x20000a10   Data        1024  startup_stm32f401xc.o(STACK)
    __initial_sp                             0x20000e10   Data           0  startup_stm32f401xc.o(STACK)

    Global Symbols

    Symbol Name                              Value     Ov Type        Size  Object(Section)

    BuildAttributes$$THM_ISAv4$E$P$D$K$B$S$7EM$VFPi3$EXTD16$VFPS$VFMA$PE$A:L22UL41UL21$X:L11$S22US41US21$IEEE1$IW$USESV6$~STKCKD$USESV7$~SHL$OTIME$ROPI$IEEEX$EBA8$UX$STANDARDLIB$REQ8$PRES8$EABIv2 0x00000000   Number         0  anon$$obj.o ABSOLUTE
    __ARM_use_no_argv                        0x00000000   Number         0  main.o ABSOLUTE
    _printf_flags                            0x00000000   Number         0  printf_stubs.o ABSOLUTE
    _printf_return_value                     0x00000000   Number         0  printf_stubs.o ABSOLUTE
    _printf_sizespec                         0x00000000   Number         0  printf_stubs.o ABSOLUTE
    _printf_widthprec                        0x00000000   Number         0  printf_stubs.o ABSOLUTE
    __ARM_exceptions_init                     - Undefined Weak Reference
    __alloca_initialize                       - Undefined Weak Reference
    __arm_fini_                               - Undefined Weak Reference
    __arm_preinit_                            - Undefined Weak Reference
    __cpp_initialize__aeabi_                  - Undefined Weak Reference
    __cxa_finalize                            - Undefined Weak Reference
    __sigvec_lookup                           - Undefined Weak Reference
    _atexit_init                              - Undefined Weak Reference
    _call_atexit_fns                          - Undefined Weak Reference
    _clock_init                               - Undefined Weak Reference
    _fp_trap_init                             - Undefined Weak Reference
    _fp_trap_shutdown                         - Undefined Weak Reference
    _get_lc_collate                           - Undefined Weak Reference
    _get_lc_monetary                          - Undefined Weak Reference
    _get_lc_time                              - Undefined Weak Reference
    _getenv_init                              - Undefined Weak Reference
    _handle_redirection                       - Undefined Weak Reference
    _init_alloc                               - Undefined Weak Reference
    _init_user_alloc                          - Undefined Weak Reference
    _initio                                   - Undefined Weak Reference
    _printf_mbtowc                            - Undefined Weak Reference
    _printf_wc                                - Undefined Weak Reference
    _rand_init                                - Undefined Weak Reference
    _signal_finish                            - Undefined Weak Reference
    _signal_init                              - Undefined Weak Reference
    _terminate_alloc                          - Undefined Weak Reference
    _terminate_user_alloc                     - Undefined Weak Reference
    _terminateio                              - Undefined Weak Reference
    __Vectors_Size                           0x00000194   Number         0  startup_stm32f401xc.o ABSOLUTE
    __Vectors                                0x08000000   Data           4  startup_stm32f401xc.o(RESET)
    __Vectors_End                            0x08000194   Data           0  startup_stm32f401xc.o(RESET)
    __main                                   0x08000195   Thumb Code     8  __main.o(!!!main)
    __scatterload                            0x0800019d   Thumb Code     0  __scatter.o(!!!scatter)
    __scatterload_rt2                        0x0800019d   Thumb Code    44  __scatter.o(!!!scatter)
    __scatterload_rt2_thumb_only             0x0800019d   Thumb Code     0  __scatter.o(!!!scatter)
    __scatterload_null                       0x080001ab   Thumb Code     0  __scatter.o(!!!scatter)
    __scatterload_copy                       0x080001d1   Thumb Code    26  __scatter_copy.o(!!handler_copy)
    __scatterload_zeroinit                   0x080001ed   Thumb Code    28  __scatter_zi.o(!!handler_zi)
    _printf_n                                0x08000209   Thumb Code     0  _printf_n.o(.ARM.Collect$$_printf_percent$$00000001)
    _printf_percent                          0x08000209   Thumb Code     0  _printf_percent.o(.ARM.Collect$$_printf_percent$$00000000)
    _printf_p                                0x0800020f   Thumb Code     0  _printf_p.o(.ARM.Collect$$_printf_percent$$00000002)
    _printf_f                                0x08000215   Thumb Code     0  _printf_f.o(.ARM.Collect$$_printf_percent$$00000003)
    _printf_e                                0x0800021b   Thumb Code     0  _printf_e.o(.ARM.Collect$$_printf_percent$$00000004)
    _printf_g                                0x08000221   Thumb Code     0  _printf_g.o(.ARM.Collect$$_printf_percent$$00000005)
    _printf_a                                0x08000227   Thumb Code     0  _printf_a.o(.ARM.Collect$$_printf_percent$$00000006)
    _printf_ll                               0x0800022d   Thumb Code     0  _printf_ll.o(.ARM.Collect$$_printf_percent$$00000007)
    _printf_i                                0x08000237   Thumb Code     0  _printf_i.o(.ARM.Collect$$_printf_percent$$00000008)
    _printf_d                                0x0800023d   Thumb Code     0  _printf_d.o(.ARM.Collect$$_printf_percent$$00000009)
    _printf_u                                0x08000243   Thumb Code     0  _printf_u.o(.ARM.Collect$$_printf_percent$$0000000A)
    _printf_o                                0x08000249   Thumb Code     0  _printf_o.o(.ARM.Collect$$_printf_percent$$0000000B)
    _printf_x                                0x0800024f   Thumb Code     0  _printf_x.o(.ARM.Collect$$_printf_percent$$0000000C)
    _printf_lli                              0x08000255   Thumb Code     0  _printf_lli.o(.ARM.Collect$$_printf_percent$$0000000D)
    _printf_lld                              0x0800025b   Thumb Code     0  _printf_lld.o(.ARM.Collect$$_printf_percent$$0000000E)
    _printf_llu                              0x08000261   Thumb Code     0  _printf_llu.o(.ARM.Collect$$_printf_percent$$0000000F)
    _printf_llo                              0x08000267   Thumb Code     0  _printf_llo.o(.ARM.Collect$$_printf_percent$$00000010)
    _printf_llx                              0x0800026d   Thumb Code     0  _printf_llx.o(.ARM.Collect$$_printf_percent$$00000011)
    _printf_l                                0x08000273   Thumb Code     0  _printf_l.o(.ARM.Collect$$_printf_percent$$00000012)
    _printf_c                                0x0800027d   Thumb Code     0  _printf_c.o(.ARM.Collect$$_printf_percent$$00000013)
    _printf_s                                0x08000283   Thumb Code     0  _printf_s.o(.ARM.Collect$$_printf_percent$$00000014)
    _printf_lc                               0x08000289   Thumb Code     0  _printf_lc.o(.ARM.Collect$$_printf_percent$$00000015)
    _printf_ls                               0x0800028f   Thumb Code     0  _printf_ls.o(.ARM.Collect$$_printf_percent$$00000016)
    _printf_percent_end                      0x08000295   Thumb Code     0  _printf_percent_end.o(.ARM.Collect$$_printf_percent$$00000017)
    __rt_lib_init                            0x08000299   Thumb Code     0  libinit.o(.ARM.Collect$$libinit$$00000000)
    __rt_lib_init_fp_1                       0x0800029b   Thumb Code     0  libinit2.o(.ARM.Collect$$libinit$$00000001)
    __rt_lib_init_heap_1                     0x0800029f   Thumb Code     0  libinit2.o(.ARM.Collect$$libinit$$0000000A)
    __rt_lib_init_lc_common                  0x0800029f   Thumb Code     0  libinit2.o(.ARM.Collect$$libinit$$0000000F)
    __rt_lib_init_preinit_1                  0x0800029f   Thumb Code     0  libinit2.o(.ARM.Collect$$libinit$$00000004)
    __rt_lib_init_rand_1                     0x0800029f   Thumb Code     0  libinit2.o(.ARM.Collect$$libinit$$0000000E)
    __rt_lib_init_user_alloc_1               0x0800029f   Thumb Code     0  libinit2.o(.ARM.Collect$$libinit$$0000000C)
    __rt_lib_init_lc_collate_1               0x080002a5   Thumb Code     0  libinit2.o(.ARM.Collect$$libinit$$00000011)
    __rt_lib_init_lc_ctype_2                 0x080002a5   Thumb Code     0  libinit2.o(.ARM.Collect$$libinit$$00000012)
    __rt_lib_init_lc_ctype_1                 0x080002b1   Thumb Code     0  libinit2.o(.ARM.Collect$$libinit$$00000013)
    __rt_lib_init_lc_monetary_1              0x080002b1   Thumb Code     0  libinit2.o(.ARM.Collect$$libinit$$00000015)
    __rt_lib_init_lc_numeric_2               0x080002b1   Thumb Code     0  libinit2.o(.ARM.Collect$$libinit$$00000016)
    __rt_lib_init_alloca_1                   0x080002bb   Thumb Code     0  libinit2.o(.ARM.Collect$$libinit$$0000002E)
    __rt_lib_init_argv_1                     0x080002bb   Thumb Code     0  libinit2.o(.ARM.Collect$$libinit$$0000002C)
    __rt_lib_init_atexit_1                   0x080002bb   Thumb Code     0  libinit2.o(.ARM.Collect$$libinit$$0000001B)
    __rt_lib_init_clock_1                    0x080002bb   Thumb Code     0  libinit2.o(.ARM.Collect$$libinit$$00000021)
    __rt_lib_init_cpp_1                      0x080002bb   Thumb Code     0  libinit2.o(.ARM.Collect$$libinit$$00000032)
    __rt_lib_init_exceptions_1               0x080002bb   Thumb Code     0  libinit2.o(.ARM.Collect$$libinit$$00000030)
    __rt_lib_init_fp_trap_1                  0x080002bb   Thumb Code     0  libinit2.o(.ARM.Collect$$libinit$$0000001F)
    __rt_lib_init_getenv_1                   0x080002bb   Thumb Code     0  libinit2.o(.ARM.Collect$$libinit$$00000023)
    __rt_lib_init_lc_numeric_1               0x080002bb   Thumb Code     0  libinit2.o(.ARM.Collect$$libinit$$00000017)
    __rt_lib_init_lc_time_1                  0x080002bb   Thumb Code     0  libinit2.o(.ARM.Collect$$libinit$$00000019)
    __rt_lib_init_return                     0x080002bb   Thumb Code     0  libinit2.o(.ARM.Collect$$libinit$$00000033)
    __rt_lib_init_signal_1                   0x080002bb   Thumb Code     0  libinit2.o(.ARM.Collect$$libinit$$0000001D)
    __rt_lib_init_stdio_1                    0x080002bb   Thumb Code     0  libinit2.o(.ARM.Collect$$libinit$$00000025)
    __rt_lib_shutdown                        0x080002bd   Thumb Code     0  libshutdown.o(.ARM.Collect$$libshutdown$$00000000)
    __rt_lib_shutdown_cpp_1                  0x080002bf   Thumb Code     0  libshutdown2.o(.ARM.Collect$$libshutdown$$00000004)
    __rt_lib_shutdown_fini_1                 0x080002bf   Thumb Code     0  libshutdown2.o(.ARM.Collect$$libshutdown$$00000002)
    __rt_lib_shutdown_fp_trap_1              0x080002bf   Thumb Code     0  libshutdown2.o(.ARM.Collect$$libshutdown$$00000009)
    __rt_lib_shutdown_heap_1                 0x080002bf   Thumb Code     0  libshutdown2.o(.ARM.Collect$$libshutdown$$00000011)
    __rt_lib_shutdown_return                 0x080002bf   Thumb Code     0  libshutdown2.o(.ARM.Collect$$libshutdown$$00000012)
    __rt_lib_shutdown_signal_1               0x080002bf   Thumb Code     0  libshutdown2.o(.ARM.Collect$$libshutdown$$0000000C)
    __rt_lib_shutdown_stdio_1                0x080002bf   Thumb Code     0  libshutdown2.o(.ARM.Collect$$libshutdown$$00000006)
    __rt_lib_shutdown_user_alloc_1           0x080002bf   Thumb Code     0  libshutdown2.o(.ARM.Collect$$libshutdown$$0000000E)
    __rt_entry                               0x080002c1   Thumb Code     0  __rtentry.o(.ARM.Collect$$rtentry$$00000000)
    __rt_entry_presh_1                       0x080002c1   Thumb Code     0  __rtentry2.o(.ARM.Collect$$rtentry$$00000002)
    __rt_entry_sh                            0x080002c1   Thumb Code     0  __rtentry4.o(.ARM.Collect$$rtentry$$00000004)
    __rt_entry_li                            0x080002c7   Thumb Code     0  __rtentry2.o(.ARM.Collect$$rtentry$$0000000A)
    __rt_entry_postsh_1                      0x080002c7   Thumb Code     0  __rtentry2.o(.ARM.Collect$$rtentry$$00000009)
    __rt_entry_main                          0x080002cb   Thumb Code     0  __rtentry2.o(.ARM.Collect$$rtentry$$0000000D)
    __rt_entry_postli_1                      0x080002cb   Thumb Code     0  __rtentry2.o(.ARM.Collect$$rtentry$$0000000C)
    __rt_exit                                0x080002d3   Thumb Code     0  rtexit.o(.ARM.Collect$$rtexit$$00000000)
    __rt_exit_ls                             0x080002d5   Thumb Code     0  rtexit2.o(.ARM.Collect$$rtexit$$00000003)
    __rt_exit_prels_1                        0x080002d5   Thumb Code     0  rtexit2.o(.ARM.Collect$$rtexit$$00000002)
    __rt_exit_exit                           0x080002d9   Thumb Code     0  rtexit2.o(.ARM.Collect$$rtexit$$00000004)
    Reset_Handler                            0x080002e1   Thumb Code     8  startup_stm32f401xc.o(.text)
    ADC_IRQHandler                           0x080002fb   Thumb Code     0  startup_stm32f401xc.o(.text)
    DMA1_Stream0_IRQHandler                  0x080002fb   Thumb Code     0  startup_stm32f401xc.o(.text)
    DMA1_Stream1_IRQHandler                  0x080002fb   Thumb Code     0  startup_stm32f401xc.o(.text)
    DMA1_Stream2_IRQHandler                  0x080002fb   Thumb Code     0  startup_stm32f401xc.o(.text)
    DMA1_Stream3_IRQHandler                  0x080002fb   Thumb Code     0  startup_stm32f401xc.o(.text)
    DMA1_Stream4_IRQHandler                  0x080002fb   Thumb Code     0  startup_stm32f401xc.o(.text)
    DMA1_Stream5_IRQHandler                  0x080002fb   Thumb Code     0  startup_stm32f401xc.o(.text)
    DMA1_Stream6_IRQHandler                  0x080002fb   Thumb Code     0  startup_stm32f401xc.o(.text)
    DMA1_Stream7_IRQHandler                  0x080002fb   Thumb Code     0  startup_stm32f401xc.o(.text)
    DMA2_Stream0_IRQHandler                  0x080002fb   Thumb Code     0  startup_stm32f401xc.o(.text)
    DMA2_Stream1_IRQHandler                  0x080002fb   Thumb Code     0  startup_stm32f401xc.o(.text)
    DMA2_Stream2_IRQHandler                  0x080002fb   Thumb Code     0  startup_stm32f401xc.o(.text)
    DMA2_Stream3_IRQHandler                  0x080002fb   Thumb Code     0  startup_stm32f401xc.o(.text)
    DMA2_Stream4_IRQHandler                  0x080002fb   Thumb Code     0  startup_stm32f401xc.o(.text)
    DMA2_Stream5_IRQHandler                  0x080002fb   Thumb Code     0  startup_stm32f401xc.o(.text)
    DMA2_Stream6_IRQHandler                  0x080002fb   Thumb Code     0  startup_stm32f401xc.o(.text)
    DMA2_Stream7_IRQHandler                  0x080002fb   Thumb Code     0  startup_stm32f401xc.o(.text)
    EXTI0_IRQHandler                         0x080002fb   Thumb Code     0  startup_stm32f401xc.o(.text)
    EXTI15_10_IRQHandler                     0x080002fb   Thumb Code     0  startup_stm32f401xc.o(.text)
    EXTI1_IRQHandler                         0x080002fb   Thumb Code     0  startup_stm32f401xc.o(.text)
    EXTI2_IRQHandler                         0x080002fb   Thumb Code     0  startup_stm32f401xc.o(.text)
    EXTI3_IRQHandler                         0x080002fb   Thumb Code     0  startup_stm32f401xc.o(.text)
    EXTI4_IRQHandler                         0x080002fb   Thumb Code     0  startup_stm32f401xc.o(.text)
    EXTI9_5_IRQHandler                       0x080002fb   Thumb Code     0  startup_stm32f401xc.o(.text)
    FLASH_IRQHandler                         0x080002fb   Thumb Code     0  startup_stm32f401xc.o(.text)
    FPU_IRQHandler                           0x080002fb   Thumb Code     0  startup_stm32f401xc.o(.text)
    I2C1_ER_IRQHandler                       0x080002fb   Thumb Code     0  startup_stm32f401xc.o(.text)
    I2C1_EV_IRQHandler                       0x080002fb   Thumb Code     0  startup_stm32f401xc.o(.text)
    I2C2_ER_IRQHandler                       0x080002fb   Thumb Code     0  startup_stm32f401xc.o(.text)
    I2C2_EV_IRQHandler                       0x080002fb   Thumb Code     0  startup_stm32f401xc.o(.text)
    I2C3_ER_IRQHandler                       0x080002fb   Thumb Code     0  startup_stm32f401xc.o(.text)
    I2C3_EV_IRQHandler                       0x080002fb   Thumb Code     0  startup_stm32f401xc.o(.text)
    OTG_FS_IRQHandler                        0x080002fb   Thumb Code     0  startup_stm32f401xc.o(.text)
    OTG_FS_WKUP_IRQHandler                   0x080002fb   Thumb Code     0  startup_stm32f401xc.o(.text)
    PVD_IRQHandler                           0x080002fb   Thumb Code     0  startup_stm32f401xc.o(.text)
    RCC_IRQHandler                           0x080002fb   Thumb Code     0  startup_stm32f401xc.o(.text)
    RTC_Alarm_IRQHandler                     0x080002fb   Thumb Code     0  startup_stm32f401xc.o(.text)
    RTC_WKUP_IRQHandler                      0x080002fb   Thumb Code     0  startup_stm32f401xc.o(.text)
    SDIO_IRQHandler                          0x080002fb   Thumb Code     0  startup_stm32f401xc.o(.text)
    SPI1_IRQHandler                          0x080002fb   Thumb Code     0  startup_stm32f401xc.o(.text)
    SPI2_IRQHandler                          0x080002fb   Thumb Code     0  startup_stm32f401xc.o(.text)
    SPI3_IRQHandler                          0x080002fb   Thumb Code     0  startup_stm32f401xc.o(.text)
    SPI4_IRQHandler                          0x080002fb   Thumb Code     0  startup_stm32f401xc.o(.text)
    TAMP_STAMP_IRQHandler                    0x080002fb   Thumb Code     0  startup_stm32f401xc.o(.text)
    TIM1_BRK_TIM9_IRQHandler                 0x080002fb   Thumb Code     0  startup_stm32f401xc.o(.text)
    TIM1_CC_IRQHandler                       0x080002fb   Thumb Code     0  startup_stm32f401xc.o(.text)
    TIM1_TRG_COM_TIM11_IRQHandler            0x080002fb   Thumb Code     0  startup_stm32f401xc.o(.text)
    TIM2_IRQHandler                          0x080002fb   Thumb Code     0  startup_stm32f401xc.o(.text)
    TIM3_IRQHandler                          0x080002fb   Thumb Code     0  startup_stm32f401xc.o(.text)
    TIM4_IRQHandler                          0x080002fb   Thumb Code     0  startup_stm32f401xc.o(.text)
    TIM5_IRQHandler                          0x080002fb   Thumb Code     0  startup_stm32f401xc.o(.text)
    USART2_IRQHandler                        0x080002fb   Thumb Code     0  startup_stm32f401xc.o(.text)
    USART6_IRQHandler                        0x080002fb   Thumb Code     0  startup_stm32f401xc.o(.text)
    WWDG_IRQHandler                          0x080002fb   Thumb Code     0  startup_stm32f401xc.o(.text)
    __user_initial_stackheap                 0x080002fd   Thumb Code     0  startup_stm32f401xc.o(.text)
    __aeabi_uldivmod                         0x08000321   Thumb Code     0  lludivv7m.o(.text)
    _ll_udiv                                 0x08000321   Thumb Code   238  lludivv7m.o(.text)
    vsprintf                                 0x08000411   Thumb Code    32  vsprintf.o(.text)
    _printf_int_dec                          0x08000435   Thumb Code   104  _printf_dec.o(.text)
    __printf                                 0x080004ad   Thumb Code   388  __printf_flags_ss_wp.o(.text)
    __aeabi_memclr4                          0x08000635   Thumb Code     0  rt_memclr_w.o(.text)
    __aeabi_memclr8                          0x08000635   Thumb Code     0  rt_memclr_w.o(.text)
    __rt_memclr_w                            0x08000635   Thumb Code    78  rt_memclr_w.o(.text)
    _memset_w                                0x08000639   Thumb Code     0  rt_memclr_w.o(.text)
    __use_two_region_memory                  0x08000683   Thumb Code     2  heapauxi.o(.text)
    __rt_heap_escrow$2region                 0x08000685   Thumb Code     2  heapauxi.o(.text)
    __rt_heap_expand$2region                 0x08000687   Thumb Code     2  heapauxi.o(.text)
    __read_errno                             0x08000689   Thumb Code    10  _rserrno.o(.text)
    __set_errno                              0x08000693   Thumb Code    12  _rserrno.o(.text)
    _printf_pre_padding                      0x0800069f   Thumb Code    44  _printf_pad.o(.text)
    _printf_post_padding                     0x080006cb   Thumb Code    34  _printf_pad.o(.text)
    _printf_truncate_signed                  0x080006ed   Thumb Code    18  _printf_truncate.o(.text)
    _printf_truncate_unsigned                0x080006ff   Thumb Code    18  _printf_truncate.o(.text)
    _printf_str                              0x08000711   Thumb Code    82  _printf_str.o(.text)
    _printf_int_common                       0x08000763   Thumb Code   178  _printf_intcommon.o(.text)
    _printf_charcount                        0x08000815   Thumb Code    40  _printf_charcount.o(.text)
    __lib_sel_fp_printf                      0x0800083d   Thumb Code     2  _printf_fp_dec.o(.text)
    _printf_fp_dec_real                      0x080009ef   Thumb Code   620  _printf_fp_dec.o(.text)
    _printf_char_common                      0x08000c67   Thumb Code    32  _printf_char_common.o(.text)
    _sputc                                   0x08000c8d   Thumb Code    10  _sputc.o(.text)
    _printf_wctomb                           0x08000c99   Thumb Code   182  _printf_wctomb.o(.text)
    _printf_longlong_dec                     0x08000d55   Thumb Code   108  _printf_longlong_dec.o(.text)
    _printf_longlong_oct                     0x08000dd1   Thumb Code    66  _printf_oct_int_ll.o(.text)
    _printf_int_oct                          0x08000e13   Thumb Code    24  _printf_oct_int_ll.o(.text)
    _printf_ll_oct                           0x08000e2b   Thumb Code    12  _printf_oct_int_ll.o(.text)
    _printf_longlong_hex                     0x08000e41   Thumb Code    86  _printf_hex_int_ll_ptr.o(.text)
    _printf_int_hex                          0x08000e97   Thumb Code    28  _printf_hex_int_ll_ptr.o(.text)
    _printf_ll_hex                           0x08000eb3   Thumb Code    12  _printf_hex_int_ll_ptr.o(.text)
    _printf_hex_ptr                          0x08000ebf   Thumb Code    18  _printf_hex_int_ll_ptr.o(.text)
    __rt_locale                              0x08000ed5   Thumb Code     8  rt_locale_intlibspace.o(.text)
    __aeabi_errno_addr                       0x08000edd   Thumb Code     8  rt_errno_addr_intlibspace.o(.text)
    __errno$intlibspace                      0x08000edd   Thumb Code     0  rt_errno_addr_intlibspace.o(.text)
    __rt_errno_addr$intlibspace              0x08000edd   Thumb Code     0  rt_errno_addr_intlibspace.o(.text)
    _ll_udiv10                               0x08000ee5   Thumb Code   138  lludiv10.o(.text)
    _printf_fp_hex_real                      0x08000f71   Thumb Code   756  _printf_fp_hex.o(.text)
    _printf_fp_infnan                        0x0800126d   Thumb Code   112  _printf_fp_infnan.o(.text)
    _printf_cs_common                        0x080012ed   Thumb Code    20  _printf_char.o(.text)
    _printf_char                             0x08001301   Thumb Code    16  _printf_char.o(.text)
    _printf_string                           0x08001311   Thumb Code     8  _printf_char.o(.text)
    _printf_lcs_common                       0x08001319   Thumb Code    20  _printf_wchar.o(.text)
    _printf_wchar                            0x0800132d   Thumb Code    16  _printf_wchar.o(.text)
    _printf_wstring                          0x0800133d   Thumb Code     8  _printf_wchar.o(.text)
    _btod_etento                             0x08001345   Thumb Code   224  bigflt0.o(.text)
    _wcrtomb                                 0x08001429   Thumb Code    64  _wcrtomb.o(.text)
    __user_libspace                          0x08001469   Thumb Code     8  libspace.o(.text)
    __user_perproc_libspace                  0x08001469   Thumb Code     0  libspace.o(.text)
    __user_perthread_libspace                0x08001469   Thumb Code     0  libspace.o(.text)
    __user_setup_stackheap                   0x08001471   Thumb Code    74  sys_stackheap_outer.o(.text)
    __rt_ctype_table                         0x080014bd   Thumb Code    16  rt_ctype_table.o(.text)
    exit                                     0x080014cd   Thumb Code    18  exit.o(.text)
    strcmp                                   0x080014e1   Thumb Code   128  strcmpv7m.o(.text)
    _sys_exit                                0x08001561   Thumb Code     8  sys_exit.o(.text)
    __I$use$semihosting                      0x0800156d   Thumb Code     0  use_no_semi.o(.text)
    __use_no_semihosting_swi                 0x0800156d   Thumb Code     2  use_no_semi.o(.text)
    __semihosting_library_function           0x0800156f   Thumb Code     0  indicate_semi.o(.text)
    _btod_d2e                                0x0800156f   Thumb Code    62  btod.o(CL$$btod_d2e)
    _d2e_denorm_low                          0x080015ad   Thumb Code    70  btod.o(CL$$btod_d2e_denorm_low)
    _d2e_norm_op1                            0x080015f3   Thumb Code    96  btod.o(CL$$btod_d2e_norm_op1)
    __btod_div_common                        0x08001653   Thumb Code   696  btod.o(CL$$btod_div_common)
    _e2e                                     0x0800198b   Thumb Code   220  btod.o(CL$$btod_e2e)
    _btod_ediv                               0x08001a67   Thumb Code    42  btod.o(CL$$btod_ediv)
    _btod_emul                               0x08001a91   Thumb Code    42  btod.o(CL$$btod_emul)
    __btod_mult_common                       0x08001abb   Thumb Code   580  btod.o(CL$$btod_mult_common)
    BusFault_Handler                         0x08001cff   Thumb Code     4  stm32f4xx_it.o(i.BusFault_Handler)
    DebugMon_Handler                         0x08001d03   Thumb Code     2  stm32f4xx_it.o(i.DebugMon_Handler)
    Error_Handler                            0x08001d05   Thumb Code     6  main.o(i.Error_Handler)
    HAL_DMA_Abort                            0x08001d0b   Thumb Code   172  stm32f4xx_hal_dma.o(i.HAL_DMA_Abort)
    HAL_DMA_Abort_IT                         0x08001db7   Thumb Code    40  stm32f4xx_hal_dma.o(i.HAL_DMA_Abort_IT)
    HAL_GPIO_Init                            0x08001de1   Thumb Code   422  stm32f4xx_hal_gpio.o(i.HAL_GPIO_Init)
    HAL_GetTick                              0x08001fa9   Thumb Code     6  stm32f4xx_hal.o(i.HAL_GetTick)
    HAL_I2C_Init                             0x08001fb5   Thumb Code   446  stm32f4xx_hal_i2c.o(i.HAL_I2C_Init)
    HAL_I2C_Master_Transmit                  0x08002185   Thumb Code   360  stm32f4xx_hal_i2c.o(i.HAL_I2C_Master_Transmit)
    HAL_I2C_MspInit                          0x080022f5   Thumb Code   122  i2c.o(i.HAL_I2C_MspInit)
    HAL_IncTick                              0x0800237d   Thumb Code    16  stm32f4xx_hal.o(i.HAL_IncTick)
    HAL_Init                                 0x08002395   Thumb Code    54  stm32f4xx_hal.o(i.HAL_Init)
    HAL_InitTick                             0x080023d1   Thumb Code    64  stm32f4xx_hal.o(i.HAL_InitTick)
    HAL_MspInit                              0x0800241d   Thumb Code    68  stm32f4xx_hal_msp.o(i.HAL_MspInit)
    HAL_NVIC_EnableIRQ                       0x08002465   Thumb Code    32  stm32f4xx_hal_cortex.o(i.HAL_NVIC_EnableIRQ)
    HAL_NVIC_SetPriority                     0x08002485   Thumb Code   124  stm32f4xx_hal_cortex.o(i.HAL_NVIC_SetPriority)
    HAL_NVIC_SetPriorityGrouping             0x08002501   Thumb Code    32  stm32f4xx_hal_cortex.o(i.HAL_NVIC_SetPriorityGrouping)
    HAL_RCC_ClockConfig                      0x08002529   Thumb Code   368  stm32f4xx_hal_rcc.o(i.HAL_RCC_ClockConfig)
    HAL_RCC_GetHCLKFreq                      0x080026ad   Thumb Code     6  stm32f4xx_hal_rcc.o(i.HAL_RCC_GetHCLKFreq)
    HAL_RCC_GetPCLK1Freq                     0x080026b9   Thumb Code    22  stm32f4xx_hal_rcc.o(i.HAL_RCC_GetPCLK1Freq)
    HAL_RCC_GetPCLK2Freq                     0x080026d9   Thumb Code    22  stm32f4xx_hal_rcc.o(i.HAL_RCC_GetPCLK2Freq)
    HAL_RCC_GetSysClockFreq                  0x080026f9   Thumb Code   162  stm32f4xx_hal_rcc.o(i.HAL_RCC_GetSysClockFreq)
    HAL_RCC_OscConfig                        0x080027a9   Thumb Code  1172  stm32f4xx_hal_rcc.o(i.HAL_RCC_OscConfig)
    HAL_SYSTICK_Config                       0x08002c45   Thumb Code    52  stm32f4xx_hal_cortex.o(i.HAL_SYSTICK_Config)
    HAL_TIMEx_BreakCallback                  0x08002c79   Thumb Code     2  stm32f4xx_hal_tim_ex.o(i.HAL_TIMEx_BreakCallback)
    HAL_TIMEx_CommutCallback                 0x08002c7b   Thumb Code     2  stm32f4xx_hal_tim_ex.o(i.HAL_TIMEx_CommutCallback)
    HAL_TIMEx_MasterConfigSynchronization    0x08002c7d   Thumb Code   134  stm32f4xx_hal_tim_ex.o(i.HAL_TIMEx_MasterConfigSynchronization)
    HAL_TIM_Base_Init                        0x08002d19   Thumb Code   102  stm32f4xx_hal_tim.o(i.HAL_TIM_Base_Init)
    HAL_TIM_Base_MspInit                     0x08002d81   Thumb Code   162  tim.o(i.HAL_TIM_Base_MspInit)
    HAL_TIM_Base_Start                       0x08002e35   Thumb Code   110  stm32f4xx_hal_tim.o(i.HAL_TIM_Base_Start)
    HAL_TIM_Base_Start_IT                    0x08002eb9   Thumb Code   122  stm32f4xx_hal_tim.o(i.HAL_TIM_Base_Start_IT)
    HAL_TIM_ConfigClockSource                0x08002f49   Thumb Code   268  stm32f4xx_hal_tim.o(i.HAL_TIM_ConfigClockSource)
    HAL_TIM_IC_CaptureCallback               0x08003055   Thumb Code     2  stm32f4xx_hal_tim.o(i.HAL_TIM_IC_CaptureCallback)
    HAL_TIM_IRQHandler                       0x08003057   Thumb Code   406  stm32f4xx_hal_tim.o(i.HAL_TIM_IRQHandler)
    HAL_TIM_MspPostInit                      0x080031ed   Thumb Code    84  tim.o(i.HAL_TIM_MspPostInit)
    HAL_TIM_OC_DelayElapsedCallback          0x0800324d   Thumb Code     2  stm32f4xx_hal_tim.o(i.HAL_TIM_OC_DelayElapsedCallback)
    HAL_TIM_PWM_ConfigChannel                0x0800324f   Thumb Code   260  stm32f4xx_hal_tim.o(i.HAL_TIM_PWM_ConfigChannel)
    HAL_TIM_PWM_Init                         0x08003353   Thumb Code   102  stm32f4xx_hal_tim.o(i.HAL_TIM_PWM_Init)
    HAL_TIM_PWM_MspInit                      0x080033b9   Thumb Code     2  stm32f4xx_hal_tim.o(i.HAL_TIM_PWM_MspInit)
    HAL_TIM_PWM_PulseFinishedCallback        0x080033bb   Thumb Code     2  stm32f4xx_hal_tim.o(i.HAL_TIM_PWM_PulseFinishedCallback)
    HAL_TIM_PWM_Start                        0x080033bd   Thumb Code   214  stm32f4xx_hal_tim.o(i.HAL_TIM_PWM_Start)
    HAL_TIM_PeriodElapsedCallback            0x080034a9   Thumb Code   474  ctrl.o(i.HAL_TIM_PeriodElapsedCallback)
    HAL_TIM_TriggerCallback                  0x080036e1   Thumb Code     2  stm32f4xx_hal_tim.o(i.HAL_TIM_TriggerCallback)
    HAL_UARTEx_RxEventCallback               0x080036e3   Thumb Code     2  stm32f4xx_hal_uart.o(i.HAL_UARTEx_RxEventCallback)
    HAL_UART_ErrorCallback                   0x080036e5   Thumb Code     2  stm32f4xx_hal_uart.o(i.HAL_UART_ErrorCallback)
    HAL_UART_IRQHandler                      0x080036e9   Thumb Code   732  stm32f4xx_hal_uart.o(i.HAL_UART_IRQHandler)
    HAL_UART_Init                            0x080039c9   Thumb Code   114  stm32f4xx_hal_uart.o(i.HAL_UART_Init)
    HAL_UART_MspInit                         0x08003a3d   Thumb Code   140  usart.o(i.HAL_UART_MspInit)
    HAL_UART_Receive_IT                      0x08003ad5   Thumb Code    66  stm32f4xx_hal_uart.o(i.HAL_UART_Receive_IT)
    HAL_UART_RxCpltCallback                  0x08003b19   Thumb Code    56  ctrl.o(i.HAL_UART_RxCpltCallback)
    HAL_UART_Transmit                        0x08003b61   Thumb Code   210  stm32f4xx_hal_uart.o(i.HAL_UART_Transmit)
    HAL_UART_TxCpltCallback                  0x08003c33   Thumb Code     2  stm32f4xx_hal_uart.o(i.HAL_UART_TxCpltCallback)
    HardFault_Handler                        0x08003c35   Thumb Code     4  stm32f4xx_it.o(i.HardFault_Handler)
    MX_GPIO_Init                             0x08003f3d   Thumb Code    96  gpio.o(i.MX_GPIO_Init)
    MX_I2C1_Init                             0x08003fa1   Thumb Code    48  i2c.o(i.MX_I2C1_Init)
    MX_TIM10_Init                            0x08003fdd   Thumb Code   100  tim.o(i.MX_TIM10_Init)
    MX_TIM11_Init                            0x08004049   Thumb Code    42  tim.o(i.MX_TIM11_Init)
    MX_TIM1_Init                             0x0800407d   Thumb Code   102  tim.o(i.MX_TIM1_Init)
    MX_USART1_UART_Init                      0x080040ed   Thumb Code    46  usart.o(i.MX_USART1_UART_Init)
    MemManage_Handler                        0x08004125   Thumb Code     4  stm32f4xx_it.o(i.MemManage_Handler)
    NMI_Handler                              0x08004129   Thumb Code     4  stm32f4xx_it.o(i.NMI_Handler)
    OLED_Clear                               0x0800412d   Thumb Code    36  oled.o(i.OLED_Clear)
    OLED_DrawPoint                           0x08004155   Thumb Code    96  oled.o(i.OLED_DrawPoint)
    OLED_Init                                0x080041b9   Thumb Code   228  oled.o(i.OLED_Init)
    OLED_Refresh_Gram                        0x0800429d   Thumb Code    50  oled.o(i.OLED_Refresh_Gram)
    OLED_SetPos                              0x080042d5   Thumb Code    42  oled.o(i.OLED_SetPos)
    OLED_ShowChar                            0x08004301   Thumb Code   128  oled.o(i.OLED_ShowChar)
    OLED_ShowString                          0x08004385   Thumb Code    50  oled.o(i.OLED_ShowString)
    OLED_printf                              0x080043b9   Thumb Code    60  oled.o(i.OLED_printf)
    PendSV_Handler                           0x08004401   Thumb Code     2  stm32f4xx_it.o(i.PendSV_Handler)
    SVC_Handler                              0x08004403   Thumb Code     2  stm32f4xx_it.o(i.SVC_Handler)
    SysTick_Handler                          0x08004405   Thumb Code     8  stm32f4xx_it.o(i.SysTick_Handler)
    SystemClock_Config                       0x0800440d   Thumb Code   170  main.o(i.SystemClock_Config)
    SystemInit                               0x080044c1   Thumb Code    14  system_stm32f4xx.o(i.SystemInit)
    TIM1_UP_TIM10_IRQHandler                 0x080044d5   Thumb Code    16  stm32f4xx_it.o(i.TIM1_UP_TIM10_IRQHandler)
    TIM_Base_SetConfig                       0x080044ed   Thumb Code   134  stm32f4xx_hal_tim.o(i.TIM_Base_SetConfig)
    TIM_CCxChannelCmd                        0x08004591   Thumb Code    34  stm32f4xx_hal_tim.o(i.TIM_CCxChannelCmd)
    TIM_ETR_SetConfig                        0x080045b3   Thumb Code    22  stm32f4xx_hal_tim.o(i.TIM_ETR_SetConfig)
    TIM_OC2_SetConfig                        0x0800463d   Thumb Code   100  stm32f4xx_hal_tim.o(i.TIM_OC2_SetConfig)
    UART_IDLECallBack                        0x08004845   Thumb Code    88  ctrl.o(i.UART_IDLECallBack)
    UART_Start_Receive_IT                    0x08004bd1   Thumb Code    70  stm32f4xx_hal_uart.o(i.UART_Start_Receive_IT)
    USART1_IRQHandler                        0x08004d09   Thumb Code    16  stm32f4xx_it.o(i.USART1_IRQHandler)
    UsageFault_Handler                       0x08004d1d   Thumb Code     4  stm32f4xx_it.o(i.UsageFault_Handler)
    __ARM_fpclassify                         0x08004d21   Thumb Code    48  fpclassify.o(i.__ARM_fpclassify)
    __hardfp_tan                             0x08004d89   Thumb Code   108  tan.o(i.__hardfp_tan)
    __ieee754_rem_pio2                       0x08004e09   Thumb Code   938  rred.o(i.__ieee754_rem_pio2)
    __kernel_poly                            0x08005241   Thumb Code   248  poly.o(i.__kernel_poly)
    __kernel_tan                             0x08005339   Thumb Code   764  tan_i.o(i.__kernel_tan)
    __mathlib_dbl_infnan                     0x08005689   Thumb Code    20  dunder.o(i.__mathlib_dbl_infnan)
    __mathlib_dbl_invalid                    0x080056a1   Thumb Code    24  dunder.o(i.__mathlib_dbl_invalid)
    __mathlib_dbl_underflow                  0x080056c1   Thumb Code    24  dunder.o(i.__mathlib_dbl_underflow)
    _is_digit                                0x080056e1   Thumb Code    14  __printf_wp.o(i._is_digit)
    abs_64                                   0x080056ef   Thumb Code    36  draw.o(i.abs_64)
    draw_arc                                 0x08005715   Thumb Code   216  draw.o(i.draw_arc)
    draw_bgd                                 0x080057f1   Thumb Code  3604  draw.o(i.draw_bgd)
    fabs                                     0x08006605   Thumb Code    24  fabs.o(i.fabs)
    main                                     0x0800661d   Thumb Code    92  main.o(i.main)
    oled_write_byte                          0x0800668d   Thumb Code    48  oled.o(i.oled_write_byte)
    pwm_cvt                                  0x080066c1   Thumb Code    14  ctrl.o(i.pwm_cvt)
    request_distance                         0x080066d1   Thumb Code    72  ls53l1m.o(i.request_distance)
    tan_deg                                  0x0800671d   Thumb Code   184  draw.o(i.tan_deg)
    _get_lc_numeric                          0x080067f9   Thumb Code    44  lc_numeric_c.o(locale$$code)
    _get_lc_ctype                            0x08006825   Thumb Code    44  lc_ctype_c.o(locale$$code)
    __aeabi_dneg                             0x08006851   Thumb Code     0  basic.o(x$fpl$basic)
    _dneg                                    0x08006851   Thumb Code     6  basic.o(x$fpl$basic)
    __aeabi_fneg                             0x08006857   Thumb Code     0  basic.o(x$fpl$basic)
    _fneg                                    0x08006857   Thumb Code     6  basic.o(x$fpl$basic)
    _dabs                                    0x0800685d   Thumb Code     6  basic.o(x$fpl$basic)
    _fabs                                    0x08006863   Thumb Code     6  basic.o(x$fpl$basic)
    __aeabi_d2f                              0x08006869   Thumb Code     0  d2f.o(x$fpl$d2f)
    _d2f                                     0x08006869   Thumb Code    98  d2f.o(x$fpl$d2f)
    __aeabi_dadd                             0x080068cd   Thumb Code     0  daddsub_clz.o(x$fpl$dadd)
    _dadd                                    0x080068cd   Thumb Code   332  daddsub_clz.o(x$fpl$dadd)
    __aeabi_ddiv                             0x08006a1d   Thumb Code     0  ddiv.o(x$fpl$ddiv)
    _ddiv                                    0x08006a1d   Thumb Code   552  ddiv.o(x$fpl$ddiv)
    __aeabi_d2iz                             0x08006ccd   Thumb Code     0  dfix.o(x$fpl$dfix)
    _dfix                                    0x08006ccd   Thumb Code    94  dfix.o(x$fpl$dfix)
    __aeabi_d2uiz                            0x08006d2d   Thumb Code     0  dfixu.o(x$fpl$dfixu)
    _dfixu                                   0x08006d2d   Thumb Code    90  dfixu.o(x$fpl$dfixu)
    __aeabi_i2d                              0x08006d87   Thumb Code     0  dflt_clz.o(x$fpl$dflt)
    _dflt                                    0x08006d87   Thumb Code    46  dflt_clz.o(x$fpl$dflt)
    __aeabi_ui2d                             0x08006db5   Thumb Code     0  dflt_clz.o(x$fpl$dfltu)
    _dfltu                                   0x08006db5   Thumb Code    38  dflt_clz.o(x$fpl$dfltu)
    __aeabi_dmul                             0x08006ddd   Thumb Code     0  dmul.o(x$fpl$dmul)
    _dmul                                    0x08006ddd   Thumb Code   332  dmul.o(x$fpl$dmul)
    __fpl_dnaninf                            0x08006f31   Thumb Code   156  dnaninf.o(x$fpl$dnaninf)
    __fpl_dretinf                            0x08006fcd   Thumb Code    12  dretinf.o(x$fpl$dretinf)
    __aeabi_drsub                            0x08006fd9   Thumb Code     0  daddsub_clz.o(x$fpl$drsb)
    _drsb                                    0x08006fd9   Thumb Code    22  daddsub_clz.o(x$fpl$drsb)
    __aeabi_dsub                             0x08006ff1   Thumb Code     0  daddsub_clz.o(x$fpl$dsub)
    _dsub                                    0x08006ff1   Thumb Code   464  daddsub_clz.o(x$fpl$dsub)
    __aeabi_f2d                              0x080071c5   Thumb Code     0  f2d.o(x$fpl$f2d)
    _f2d                                     0x080071c5   Thumb Code    86  f2d.o(x$fpl$f2d)
    __fpl_fnaninf                            0x0800721b   Thumb Code   140  fnaninf.o(x$fpl$fnaninf)
    _fp_init                                 0x080072a7   Thumb Code    10  fpinit.o(x$fpl$fpinit)
    __fplib_config_fpu_vfp                   0x080072af   Thumb Code     0  fpinit.o(x$fpl$fpinit)
    __fplib_config_pureend_doubles           0x080072af   Thumb Code     0  fpinit.o(x$fpl$fpinit)
    __fpl_fretinf                            0x080072b1   Thumb Code    10  fretinf.o(x$fpl$fretinf)
    _printf_fp_dec                           0x080072bb   Thumb Code     4  printf1.o(x$fpl$printf1)
    _printf_fp_hex                           0x080072bf   Thumb Code     4  printf2.o(x$fpl$printf2)
    AHBPrescTable                            0x080072c2   Data          16  system_stm32f4xx.o(.constdata)
    __I$use$fp                               0x080072c2   Number         0  usenofp.o(x$fpl$usenofp)
    APBPrescTable                            0x080072d2   Data           8  system_stm32f4xx.o(.constdata)
    ascii_1206                               0x080072da   Data        1140  oled.o(.constdata)
    LOGO_DLUT                                0x0800774e   Data        1024  oled.o(.constdata)
    LOGO2_DUT0BUG                            0x08007b4e   Data        1024  oled.o(.constdata)
    BAD_APPLE                                0x08007f4e   Data        1024  oled.o(.constdata)
    Region$$Table$$Base                      0x08008574   Number         0  anon$$obj.o(Region$$Table)
    Region$$Table$$Limit                     0x08008594   Number         0  anon$$obj.o(Region$$Table)
    __ctype                                  0x080085bd   Data           0  lc_ctype_c.o(locale$$data)
    uwTick                                   0x20000000   Data           4  stm32f4xx_hal.o(.data)
    uwTickPrio                               0x20000004   Data           4  stm32f4xx_hal.o(.data)
    uwTickFreq                               0x20000008   Data           1  stm32f4xx_hal.o(.data)
    SystemCoreClock                          0x2000000c   Data           4  system_stm32f4xx.o(.data)
    tim1clk                                  0x20000016   Data           2  ctrl.o(.data)
    pwm_h                                    0x20000018   Data           2  ctrl.o(.data)
    pwm_dir                                  0x2000001a   Data           1  ctrl.o(.data)
    ReceiveByte                              0x2000001b   Data           1  ctrl.o(.data)
    ReceiveCnt                               0x2000001c   Data           1  ctrl.o(.data)
    angle                                    0x2000001e   Data           2  ctrl.o(.data)
    distance                                 0x20000020   Data           2  ctrl.o(.data)
    hi2c1                                    0x20000024   Data          84  i2c.o(.bss)
    htim1                                    0x20000078   Data          72  tim.o(.bss)
    htim10                                   0x200000c0   Data          72  tim.o(.bss)
    htim11                                   0x20000108   Data          72  tim.o(.bss)
    huart1                                   0x20000150   Data          68  usart.o(.bss)
    OLED_GRAM                                0x20000194   Data        1024  oled.o(.bss)
    ReceiveBuff                              0x20000614   Data          11  ctrl.o(.bss)
    result                                   0x20000620   Data         400  ctrl.o(.bss)
    __libspace_start                         0x200007b0   Data          96  libspace.o(.bss)
    __temporary_stack_top$libspace           0x20000810   Data           0  libspace.o(.bss)



==============================================================================

Memory Map of the image

  Image Entry point : 0x08000195

  Load Region LR_IROM1 (Base: 0x08000000, Size: 0x000086e4, Max: 0x00040000, ABSOLUTE)

    Execution Region ER_IROM1 (Exec base: 0x08000000, Load base: 0x08000000, Size: 0x000086c0, Max: 0x00040000, ABSOLUTE)

    Exec Addr    Load Addr    Size         Type   Attr      Idx    E Section Name        Object

    0x08000000   0x08000000   0x00000194   Data   RO            3    RESET               startup_stm32f401xc.o
    0x08000194   0x08000194   0x00000008   Code   RO         3946  * !!!main             c_w.l(__main.o)
    0x0800019c   0x0800019c   0x00000034   Code   RO         4344    !!!scatter          c_w.l(__scatter.o)
    0x080001d0   0x080001d0   0x0000001a   Code   RO         4346    !!handler_copy      c_w.l(__scatter_copy.o)
    0x080001ea   0x080001ea   0x00000002   PAD
    0x080001ec   0x080001ec   0x0000001c   Code   RO         4348    !!handler_zi        c_w.l(__scatter_zi.o)
    0x08000208   0x08000208   0x00000000   Code   RO         3941    .ARM.Collect$$_printf_percent$$00000000  c_w.l(_printf_percent.o)
    0x08000208   0x08000208   0x00000006   Code   RO         4045    .ARM.Collect$$_printf_percent$$00000001  c_w.l(_printf_n.o)
    0x0800020e   0x0800020e   0x00000006   Code   RO         4047    .ARM.Collect$$_printf_percent$$00000002  c_w.l(_printf_p.o)
    0x08000214   0x08000214   0x00000006   Code   RO         3940    .ARM.Collect$$_printf_percent$$00000003  c_w.l(_printf_f.o)
    0x0800021a   0x0800021a   0x00000006   Code   RO         4051    .ARM.Collect$$_printf_percent$$00000004  c_w.l(_printf_e.o)
    0x08000220   0x08000220   0x00000006   Code   RO         4052    .ARM.Collect$$_printf_percent$$00000005  c_w.l(_printf_g.o)
    0x08000226   0x08000226   0x00000006   Code   RO         4053    .ARM.Collect$$_printf_percent$$00000006  c_w.l(_printf_a.o)
    0x0800022c   0x0800022c   0x0000000a   Code   RO         4058    .ARM.Collect$$_printf_percent$$00000007  c_w.l(_printf_ll.o)
    0x08000236   0x08000236   0x00000006   Code   RO         4049    .ARM.Collect$$_printf_percent$$00000008  c_w.l(_printf_i.o)
    0x0800023c   0x0800023c   0x00000006   Code   RO         3939    .ARM.Collect$$_printf_percent$$00000009  c_w.l(_printf_d.o)
    0x08000242   0x08000242   0x00000006   Code   RO         4050    .ARM.Collect$$_printf_percent$$0000000A  c_w.l(_printf_u.o)
    0x08000248   0x08000248   0x00000006   Code   RO         4048    .ARM.Collect$$_printf_percent$$0000000B  c_w.l(_printf_o.o)
    0x0800024e   0x0800024e   0x00000006   Code   RO         4046    .ARM.Collect$$_printf_percent$$0000000C  c_w.l(_printf_x.o)
    0x08000254   0x08000254   0x00000006   Code   RO         4055    .ARM.Collect$$_printf_percent$$0000000D  c_w.l(_printf_lli.o)
    0x0800025a   0x0800025a   0x00000006   Code   RO         4056    .ARM.Collect$$_printf_percent$$0000000E  c_w.l(_printf_lld.o)
    0x08000260   0x08000260   0x00000006   Code   RO         4057    .ARM.Collect$$_printf_percent$$0000000F  c_w.l(_printf_llu.o)
    0x08000266   0x08000266   0x00000006   Code   RO         4062    .ARM.Collect$$_printf_percent$$00000010  c_w.l(_printf_llo.o)
    0x0800026c   0x0800026c   0x00000006   Code   RO         4063    .ARM.Collect$$_printf_percent$$00000011  c_w.l(_printf_llx.o)
    0x08000272   0x08000272   0x0000000a   Code   RO         4059    .ARM.Collect$$_printf_percent$$00000012  c_w.l(_printf_l.o)
    0x0800027c   0x0800027c   0x00000006   Code   RO         4043    .ARM.Collect$$_printf_percent$$00000013  c_w.l(_printf_c.o)
    0x08000282   0x08000282   0x00000006   Code   RO         4044    .ARM.Collect$$_printf_percent$$00000014  c_w.l(_printf_s.o)
    0x08000288   0x08000288   0x00000006   Code   RO         4060    .ARM.Collect$$_printf_percent$$00000015  c_w.l(_printf_lc.o)
    0x0800028e   0x0800028e   0x00000006   Code   RO         4061    .ARM.Collect$$_printf_percent$$00000016  c_w.l(_printf_ls.o)
    0x08000294   0x08000294   0x00000004   Code   RO         4054    .ARM.Collect$$_printf_percent$$00000017  c_w.l(_printf_percent_end.o)
    0x08000298   0x08000298   0x00000002   Code   RO         4212    .ARM.Collect$$libinit$$00000000  c_w.l(libinit.o)
    0x0800029a   0x0800029a   0x00000004   Code   RO         4213    .ARM.Collect$$libinit$$00000001  c_w.l(libinit2.o)
    0x0800029e   0x0800029e   0x00000000   Code   RO         4216    .ARM.Collect$$libinit$$00000004  c_w.l(libinit2.o)
    0x0800029e   0x0800029e   0x00000000   Code   RO         4219    .ARM.Collect$$libinit$$0000000A  c_w.l(libinit2.o)
    0x0800029e   0x0800029e   0x00000000   Code   RO         4221    .ARM.Collect$$libinit$$0000000C  c_w.l(libinit2.o)
    0x0800029e   0x0800029e   0x00000000   Code   RO         4223    .ARM.Collect$$libinit$$0000000E  c_w.l(libinit2.o)
    0x0800029e   0x0800029e   0x00000006   Code   RO         4224    .ARM.Collect$$libinit$$0000000F  c_w.l(libinit2.o)
    0x080002a4   0x080002a4   0x00000000   Code   RO         4226    .ARM.Collect$$libinit$$00000011  c_w.l(libinit2.o)
    0x080002a4   0x080002a4   0x0000000c   Code   RO         4227    .ARM.Collect$$libinit$$00000012  c_w.l(libinit2.o)
    0x080002b0   0x080002b0   0x00000000   Code   RO         4228    .ARM.Collect$$libinit$$00000013  c_w.l(libinit2.o)
    0x080002b0   0x080002b0   0x00000000   Code   RO         4230    .ARM.Collect$$libinit$$00000015  c_w.l(libinit2.o)
    0x080002b0   0x080002b0   0x0000000a   Code   RO         4231    .ARM.Collect$$libinit$$00000016  c_w.l(libinit2.o)
    0x080002ba   0x080002ba   0x00000000   Code   RO         4232    .ARM.Collect$$libinit$$00000017  c_w.l(libinit2.o)
    0x080002ba   0x080002ba   0x00000000   Code   RO         4234    .ARM.Collect$$libinit$$00000019  c_w.l(libinit2.o)
    0x080002ba   0x080002ba   0x00000000   Code   RO         4236    .ARM.Collect$$libinit$$0000001B  c_w.l(libinit2.o)
    0x080002ba   0x080002ba   0x00000000   Code   RO         4238    .ARM.Collect$$libinit$$0000001D  c_w.l(libinit2.o)
    0x080002ba   0x080002ba   0x00000000   Code   RO         4240    .ARM.Collect$$libinit$$0000001F  c_w.l(libinit2.o)
    0x080002ba   0x080002ba   0x00000000   Code   RO         4242    .ARM.Collect$$libinit$$00000021  c_w.l(libinit2.o)
    0x080002ba   0x080002ba   0x00000000   Code   RO         4244    .ARM.Collect$$libinit$$00000023  c_w.l(libinit2.o)
    0x080002ba   0x080002ba   0x00000000   Code   RO         4246    .ARM.Collect$$libinit$$00000025  c_w.l(libinit2.o)
    0x080002ba   0x080002ba   0x00000000   Code   RO         4250    .ARM.Collect$$libinit$$0000002C  c_w.l(libinit2.o)
    0x080002ba   0x080002ba   0x00000000   Code   RO         4252    .ARM.Collect$$libinit$$0000002E  c_w.l(libinit2.o)
    0x080002ba   0x080002ba   0x00000000   Code   RO         4254    .ARM.Collect$$libinit$$00000030  c_w.l(libinit2.o)
    0x080002ba   0x080002ba   0x00000000   Code   RO         4256    .ARM.Collect$$libinit$$00000032  c_w.l(libinit2.o)
    0x080002ba   0x080002ba   0x00000002   Code   RO         4257    .ARM.Collect$$libinit$$00000033  c_w.l(libinit2.o)
    0x080002bc   0x080002bc   0x00000002   Code   RO         4307    .ARM.Collect$$libshutdown$$00000000  c_w.l(libshutdown.o)
    0x080002be   0x080002be   0x00000000   Code   RO         4325    .ARM.Collect$$libshutdown$$00000002  c_w.l(libshutdown2.o)
    0x080002be   0x080002be   0x00000000   Code   RO         4327    .ARM.Collect$$libshutdown$$00000004  c_w.l(libshutdown2.o)
    0x080002be   0x080002be   0x00000000   Code   RO         4329    .ARM.Collect$$libshutdown$$00000006  c_w.l(libshutdown2.o)
    0x080002be   0x080002be   0x00000000   Code   RO         4332    .ARM.Collect$$libshutdown$$00000009  c_w.l(libshutdown2.o)
    0x080002be   0x080002be   0x00000000   Code   RO         4335    .ARM.Collect$$libshutdown$$0000000C  c_w.l(libshutdown2.o)
    0x080002be   0x080002be   0x00000000   Code   RO         4337    .ARM.Collect$$libshutdown$$0000000E  c_w.l(libshutdown2.o)
    0x080002be   0x080002be   0x00000000   Code   RO         4340    .ARM.Collect$$libshutdown$$00000011  c_w.l(libshutdown2.o)
    0x080002be   0x080002be   0x00000002   Code   RO         4341    .ARM.Collect$$libshutdown$$00000012  c_w.l(libshutdown2.o)
    0x080002c0   0x080002c0   0x00000000   Code   RO         3988    .ARM.Collect$$rtentry$$00000000  c_w.l(__rtentry.o)
    0x080002c0   0x080002c0   0x00000000   Code   RO         4105    .ARM.Collect$$rtentry$$00000002  c_w.l(__rtentry2.o)
    0x080002c0   0x080002c0   0x00000006   Code   RO         4117    .ARM.Collect$$rtentry$$00000004  c_w.l(__rtentry4.o)
    0x080002c6   0x080002c6   0x00000000   Code   RO         4107    .ARM.Collect$$rtentry$$00000009  c_w.l(__rtentry2.o)
    0x080002c6   0x080002c6   0x00000004   Code   RO         4108    .ARM.Collect$$rtentry$$0000000A  c_w.l(__rtentry2.o)
    0x080002ca   0x080002ca   0x00000000   Code   RO         4110    .ARM.Collect$$rtentry$$0000000C  c_w.l(__rtentry2.o)
    0x080002ca   0x080002ca   0x00000008   Code   RO         4111    .ARM.Collect$$rtentry$$0000000D  c_w.l(__rtentry2.o)
    0x080002d2   0x080002d2   0x00000002   Code   RO         4258    .ARM.Collect$$rtexit$$00000000  c_w.l(rtexit.o)
    0x080002d4   0x080002d4   0x00000000   Code   RO         4276    .ARM.Collect$$rtexit$$00000002  c_w.l(rtexit2.o)
    0x080002d4   0x080002d4   0x00000004   Code   RO         4277    .ARM.Collect$$rtexit$$00000003  c_w.l(rtexit2.o)
    0x080002d8   0x080002d8   0x00000006   Code   RO         4278    .ARM.Collect$$rtexit$$00000004  c_w.l(rtexit2.o)
    0x080002de   0x080002de   0x00000002   PAD
    0x080002e0   0x080002e0   0x00000040   Code   RO            4    .text               startup_stm32f401xc.o
    0x08000320   0x08000320   0x000000ee   Code   RO         3907    .text               c_w.l(lludivv7m.o)
    0x0800040e   0x0800040e   0x00000002   PAD
    0x08000410   0x08000410   0x00000024   Code   RO         3909    .text               c_w.l(vsprintf.o)
    0x08000434   0x08000434   0x00000078   Code   RO         3917    .text               c_w.l(_printf_dec.o)
    0x080004ac   0x080004ac   0x00000188   Code   RO         3936    .text               c_w.l(__printf_flags_ss_wp.o)
    0x08000634   0x08000634   0x0000004e   Code   RO         3942    .text               c_w.l(rt_memclr_w.o)
    0x08000682   0x08000682   0x00000006   Code   RO         3944    .text               c_w.l(heapauxi.o)
    0x08000688   0x08000688   0x00000016   Code   RO         3993    .text               c_w.l(_rserrno.o)
    0x0800069e   0x0800069e   0x0000004e   Code   RO         3995    .text               c_w.l(_printf_pad.o)
    0x080006ec   0x080006ec   0x00000024   Code   RO         3997    .text               c_w.l(_printf_truncate.o)
    0x08000710   0x08000710   0x00000052   Code   RO         3999    .text               c_w.l(_printf_str.o)
    0x08000762   0x08000762   0x000000b2   Code   RO         4001    .text               c_w.l(_printf_intcommon.o)
    0x08000814   0x08000814   0x00000028   Code   RO         4003    .text               c_w.l(_printf_charcount.o)
    0x0800083c   0x0800083c   0x0000041e   Code   RO         4005    .text               c_w.l(_printf_fp_dec.o)
    0x08000c5a   0x08000c5a   0x00000002   PAD
    0x08000c5c   0x08000c5c   0x00000030   Code   RO         4007    .text               c_w.l(_printf_char_common.o)
    0x08000c8c   0x08000c8c   0x0000000a   Code   RO         4009    .text               c_w.l(_sputc.o)
    0x08000c96   0x08000c96   0x00000002   PAD
    0x08000c98   0x08000c98   0x000000bc   Code   RO         4011    .text               c_w.l(_printf_wctomb.o)
    0x08000d54   0x08000d54   0x0000007c   Code   RO         4014    .text               c_w.l(_printf_longlong_dec.o)
    0x08000dd0   0x08000dd0   0x00000070   Code   RO         4020    .text               c_w.l(_printf_oct_int_ll.o)
    0x08000e40   0x08000e40   0x00000094   Code   RO         4040    .text               c_w.l(_printf_hex_int_ll_ptr.o)
    0x08000ed4   0x08000ed4   0x00000008   Code   RO         4124    .text               c_w.l(rt_locale_intlibspace.o)
    0x08000edc   0x08000edc   0x00000008   Code   RO         4129    .text               c_w.l(rt_errno_addr_intlibspace.o)
    0x08000ee4   0x08000ee4   0x0000008a   Code   RO         4131    .text               c_w.l(lludiv10.o)
    0x08000f6e   0x08000f6e   0x00000002   PAD
    0x08000f70   0x08000f70   0x000002fc   Code   RO         4133    .text               c_w.l(_printf_fp_hex.o)
    0x0800126c   0x0800126c   0x00000080   Code   RO         4136    .text               c_w.l(_printf_fp_infnan.o)
    0x080012ec   0x080012ec   0x0000002c   Code   RO         4140    .text               c_w.l(_printf_char.o)
    0x08001318   0x08001318   0x0000002c   Code   RO         4142    .text               c_w.l(_printf_wchar.o)
    0x08001344   0x08001344   0x000000e4   Code   RO         4144    .text               c_w.l(bigflt0.o)
    0x08001428   0x08001428   0x00000040   Code   RO         4169    .text               c_w.l(_wcrtomb.o)
    0x08001468   0x08001468   0x00000008   Code   RO         4192    .text               c_w.l(libspace.o)
    0x08001470   0x08001470   0x0000004a   Code   RO         4195    .text               c_w.l(sys_stackheap_outer.o)
    0x080014ba   0x080014ba   0x00000002   PAD
    0x080014bc   0x080014bc   0x00000010   Code   RO         4197    .text               c_w.l(rt_ctype_table.o)
    0x080014cc   0x080014cc   0x00000012   Code   RO         4199    .text               c_w.l(exit.o)
    0x080014de   0x080014de   0x00000002   PAD
    0x080014e0   0x080014e0   0x00000080   Code   RO         4205    .text               c_w.l(strcmpv7m.o)
    0x08001560   0x08001560   0x0000000c   Code   RO         4273    .text               c_w.l(sys_exit.o)
    0x0800156c   0x0800156c   0x00000002   Code   RO         4294    .text               c_w.l(use_no_semi.o)
    0x0800156e   0x0800156e   0x00000000   Code   RO         4296    .text               c_w.l(indicate_semi.o)
    0x0800156e   0x0800156e   0x0000003e   Code   RO         4147    CL$$btod_d2e        c_w.l(btod.o)
    0x080015ac   0x080015ac   0x00000046   Code   RO         4149    CL$$btod_d2e_denorm_low  c_w.l(btod.o)
    0x080015f2   0x080015f2   0x00000060   Code   RO         4148    CL$$btod_d2e_norm_op1  c_w.l(btod.o)
    0x08001652   0x08001652   0x00000338   Code   RO         4157    CL$$btod_div_common  c_w.l(btod.o)
    0x0800198a   0x0800198a   0x000000dc   Code   RO         4154    CL$$btod_e2e        c_w.l(btod.o)
    0x08001a66   0x08001a66   0x0000002a   Code   RO         4151    CL$$btod_ediv       c_w.l(btod.o)
    0x08001a90   0x08001a90   0x0000002a   Code   RO         4150    CL$$btod_emul       c_w.l(btod.o)
    0x08001aba   0x08001aba   0x00000244   Code   RO         4156    CL$$btod_mult_common  c_w.l(btod.o)
    0x08001cfe   0x08001cfe   0x00000004   Code   RO          354    i.BusFault_Handler  stm32f4xx_it.o
    0x08001d02   0x08001d02   0x00000002   Code   RO          355    i.DebugMon_Handler  stm32f4xx_it.o
    0x08001d04   0x08001d04   0x00000006   Code   RO           13    i.Error_Handler     main.o
    0x08001d0a   0x08001d0a   0x000000ac   Code   RO         1509    i.HAL_DMA_Abort     stm32f4xx_hal_dma.o
    0x08001db6   0x08001db6   0x00000028   Code   RO         1510    i.HAL_DMA_Abort_IT  stm32f4xx_hal_dma.o
    0x08001dde   0x08001dde   0x00000002   PAD
    0x08001de0   0x08001de0   0x000001c8   Code   RO         1402    i.HAL_GPIO_Init     stm32f4xx_hal_gpio.o
    0x08001fa8   0x08001fa8   0x0000000c   Code   RO         1963    i.HAL_GetTick       stm32f4xx_hal.o
    0x08001fb4   0x08001fb4   0x000001d0   Code   RO          477    i.HAL_I2C_Init      stm32f4xx_hal_i2c.o
    0x08002184   0x08002184   0x00000170   Code   RO          490    i.HAL_I2C_Master_Transmit  stm32f4xx_hal_i2c.o
    0x080022f4   0x080022f4   0x00000088   Code   RO          211    i.HAL_I2C_MspInit   i2c.o
    0x0800237c   0x0800237c   0x00000018   Code   RO         1969    i.HAL_IncTick       stm32f4xx_hal.o
    0x08002394   0x08002394   0x0000003c   Code   RO         1970    i.HAL_Init          stm32f4xx_hal.o
    0x080023d0   0x080023d0   0x0000004c   Code   RO         1971    i.HAL_InitTick      stm32f4xx_hal.o
    0x0800241c   0x0800241c   0x00000048   Code   RO          442    i.HAL_MspInit       stm32f4xx_hal_msp.o
    0x08002464   0x08002464   0x00000020   Code   RO         1815    i.HAL_NVIC_EnableIRQ  stm32f4xx_hal_cortex.o
    0x08002484   0x08002484   0x0000007c   Code   RO         1821    i.HAL_NVIC_SetPriority  stm32f4xx_hal_cortex.o
    0x08002500   0x08002500   0x00000028   Code   RO         1822    i.HAL_NVIC_SetPriorityGrouping  stm32f4xx_hal_cortex.o
    0x08002528   0x08002528   0x00000184   Code   RO          969    i.HAL_RCC_ClockConfig  stm32f4xx_hal_rcc.o
    0x080026ac   0x080026ac   0x0000000c   Code   RO          974    i.HAL_RCC_GetHCLKFreq  stm32f4xx_hal_rcc.o
    0x080026b8   0x080026b8   0x00000020   Code   RO          976    i.HAL_RCC_GetPCLK1Freq  stm32f4xx_hal_rcc.o
    0x080026d8   0x080026d8   0x00000020   Code   RO          977    i.HAL_RCC_GetPCLK2Freq  stm32f4xx_hal_rcc.o
    0x080026f8   0x080026f8   0x000000b0   Code   RO          978    i.HAL_RCC_GetSysClockFreq  stm32f4xx_hal_rcc.o
    0x080027a8   0x080027a8   0x0000049c   Code   RO          981    i.HAL_RCC_OscConfig  stm32f4xx_hal_rcc.o
    0x08002c44   0x08002c44   0x00000034   Code   RO         1826    i.HAL_SYSTICK_Config  stm32f4xx_hal_cortex.o
    0x08002c78   0x08002c78   0x00000002   Code   RO         2925    i.HAL_TIMEx_BreakCallback  stm32f4xx_hal_tim_ex.o
    0x08002c7a   0x08002c7a   0x00000002   Code   RO         2926    i.HAL_TIMEx_CommutCallback  stm32f4xx_hal_tim_ex.o
    0x08002c7c   0x08002c7c   0x0000009c   Code   RO         2944    i.HAL_TIMEx_MasterConfigSynchronization  stm32f4xx_hal_tim_ex.o
    0x08002d18   0x08002d18   0x00000066   Code   RO         2210    i.HAL_TIM_Base_Init  stm32f4xx_hal_tim.o
    0x08002d7e   0x08002d7e   0x00000002   PAD
    0x08002d80   0x08002d80   0x000000b4   Code   RO          253    i.HAL_TIM_Base_MspInit  tim.o
    0x08002e34   0x08002e34   0x00000084   Code   RO         2213    i.HAL_TIM_Base_Start  stm32f4xx_hal_tim.o
    0x08002eb8   0x08002eb8   0x00000090   Code   RO         2215    i.HAL_TIM_Base_Start_IT  stm32f4xx_hal_tim.o
    0x08002f48   0x08002f48   0x0000010c   Code   RO         2219    i.HAL_TIM_ConfigClockSource  stm32f4xx_hal_tim.o
    0x08003054   0x08003054   0x00000002   Code   RO         2244    i.HAL_TIM_IC_CaptureCallback  stm32f4xx_hal_tim.o
    0x08003056   0x08003056   0x00000196   Code   RO         2258    i.HAL_TIM_IRQHandler  stm32f4xx_hal_tim.o
    0x080031ec   0x080031ec   0x00000060   Code   RO          254    i.HAL_TIM_MspPostInit  tim.o
    0x0800324c   0x0800324c   0x00000002   Code   RO         2261    i.HAL_TIM_OC_DelayElapsedCallback  stm32f4xx_hal_tim.o
    0x0800324e   0x0800324e   0x00000104   Code   RO         2282    i.HAL_TIM_PWM_ConfigChannel  stm32f4xx_hal_tim.o
    0x08003352   0x08003352   0x00000066   Code   RO         2285    i.HAL_TIM_PWM_Init  stm32f4xx_hal_tim.o
    0x080033b8   0x080033b8   0x00000002   Code   RO         2287    i.HAL_TIM_PWM_MspInit  stm32f4xx_hal_tim.o
    0x080033ba   0x080033ba   0x00000002   Code   RO         2288    i.HAL_TIM_PWM_PulseFinishedCallback  stm32f4xx_hal_tim.o
    0x080033bc   0x080033bc   0x000000ec   Code   RO         2290    i.HAL_TIM_PWM_Start  stm32f4xx_hal_tim.o
    0x080034a8   0x080034a8   0x00000238   Code   RO         3816    i.HAL_TIM_PeriodElapsedCallback  ctrl.o
    0x080036e0   0x080036e0   0x00000002   Code   RO         2301    i.HAL_TIM_TriggerCallback  stm32f4xx_hal_tim.o
    0x080036e2   0x080036e2   0x00000002   Code   RO         3203    i.HAL_UARTEx_RxEventCallback  stm32f4xx_hal_uart.o
    0x080036e4   0x080036e4   0x00000002   Code   RO         3217    i.HAL_UART_ErrorCallback  stm32f4xx_hal_uart.o
    0x080036e6   0x080036e6   0x00000002   PAD
    0x080036e8   0x080036e8   0x000002e0   Code   RO         3220    i.HAL_UART_IRQHandler  stm32f4xx_hal_uart.o
    0x080039c8   0x080039c8   0x00000072   Code   RO         3221    i.HAL_UART_Init     stm32f4xx_hal_uart.o
    0x08003a3a   0x08003a3a   0x00000002   PAD
    0x08003a3c   0x08003a3c   0x00000098   Code   RO          313    i.HAL_UART_MspInit  usart.o
    0x08003ad4   0x08003ad4   0x00000042   Code   RO         3226    i.HAL_UART_Receive_IT  stm32f4xx_hal_uart.o
    0x08003b16   0x08003b16   0x00000002   PAD
    0x08003b18   0x08003b18   0x00000048   Code   RO         3817    i.HAL_UART_RxCpltCallback  ctrl.o
    0x08003b60   0x08003b60   0x000000d2   Code   RO         3229    i.HAL_UART_Transmit  stm32f4xx_hal_uart.o
    0x08003c32   0x08003c32   0x00000002   Code   RO         3232    i.HAL_UART_TxCpltCallback  stm32f4xx_hal_uart.o
    0x08003c34   0x08003c34   0x00000004   Code   RO          356    i.HardFault_Handler  stm32f4xx_it.o
    0x08003c38   0x08003c38   0x0000003e   Code   RO          520    i.I2C_IsAcknowledgeFailed  stm32f4xx_hal_i2c.o
    0x08003c76   0x08003c76   0x00000002   PAD
    0x08003c78   0x08003c78   0x000000c0   Code   RO          524    i.I2C_MasterRequestWrite  stm32f4xx_hal_i2c.o
    0x08003d38   0x08003d38   0x0000005c   Code   RO          540    i.I2C_WaitOnBTFFlagUntilTimeout  stm32f4xx_hal_i2c.o
    0x08003d94   0x08003d94   0x00000086   Code   RO          541    i.I2C_WaitOnFlagUntilTimeout  stm32f4xx_hal_i2c.o
    0x08003e1a   0x08003e1a   0x000000c4   Code   RO          542    i.I2C_WaitOnMasterAddressFlagUntilTimeout  stm32f4xx_hal_i2c.o
    0x08003ede   0x08003ede   0x0000005c   Code   RO          546    i.I2C_WaitOnTXEFlagUntilTimeout  stm32f4xx_hal_i2c.o
    0x08003f3a   0x08003f3a   0x00000002   PAD
    0x08003f3c   0x08003f3c   0x00000064   Code   RO          186    i.MX_GPIO_Init      gpio.o
    0x08003fa0   0x08003fa0   0x0000003c   Code   RO          212    i.MX_I2C1_Init      i2c.o
    0x08003fdc   0x08003fdc   0x0000006c   Code   RO          255    i.MX_TIM10_Init     tim.o
    0x08004048   0x08004048   0x00000034   Code   RO          256    i.MX_TIM11_Init     tim.o
    0x0800407c   0x0800407c   0x00000070   Code   RO          257    i.MX_TIM1_Init      tim.o
    0x080040ec   0x080040ec   0x00000038   Code   RO          314    i.MX_USART1_UART_Init  usart.o
    0x08004124   0x08004124   0x00000004   Code   RO          357    i.MemManage_Handler  stm32f4xx_it.o
    0x08004128   0x08004128   0x00000004   Code   RO          358    i.NMI_Handler       stm32f4xx_it.o
    0x0800412c   0x0800412c   0x00000028   Code   RO         3625    i.OLED_Clear        oled.o
    0x08004154   0x08004154   0x00000064   Code   RO         3628    i.OLED_DrawPoint    oled.o
    0x080041b8   0x080041b8   0x000000e4   Code   RO         3629    i.OLED_Init         oled.o
    0x0800429c   0x0800429c   0x00000038   Code   RO         3631    i.OLED_Refresh_Gram  oled.o
    0x080042d4   0x080042d4   0x0000002a   Code   RO         3632    i.OLED_SetPos       oled.o
    0x080042fe   0x080042fe   0x00000002   PAD
    0x08004300   0x08004300   0x00000084   Code   RO         3633    i.OLED_ShowChar     oled.o
    0x08004384   0x08004384   0x00000032   Code   RO         3634    i.OLED_ShowString   oled.o
    0x080043b6   0x080043b6   0x00000002   PAD
    0x080043b8   0x080043b8   0x00000048   Code   RO         3635    i.OLED_printf       oled.o
    0x08004400   0x08004400   0x00000002   Code   RO          359    i.PendSV_Handler    stm32f4xx_it.o
    0x08004402   0x08004402   0x00000002   Code   RO          360    i.SVC_Handler       stm32f4xx_it.o
    0x08004404   0x08004404   0x00000008   Code   RO          361    i.SysTick_Handler   stm32f4xx_it.o
    0x0800440c   0x0800440c   0x000000b4   Code   RO           14    i.SystemClock_Config  main.o
    0x080044c0   0x080044c0   0x00000014   Code   RO         3560    i.SystemInit        system_stm32f4xx.o
    0x080044d4   0x080044d4   0x00000018   Code   RO          362    i.TIM1_UP_TIM10_IRQHandler  stm32f4xx_it.o
    0x080044ec   0x080044ec   0x000000a4   Code   RO         2303    i.TIM_Base_SetConfig  stm32f4xx_hal_tim.o
    0x08004590   0x08004590   0x00000022   Code   RO         2304    i.TIM_CCxChannelCmd  stm32f4xx_hal_tim.o
    0x080045b2   0x080045b2   0x00000016   Code   RO         2314    i.TIM_ETR_SetConfig  stm32f4xx_hal_tim.o
    0x080045c8   0x080045c8   0x00000012   Code   RO         2315    i.TIM_ITRx_SetConfig  stm32f4xx_hal_tim.o
    0x080045da   0x080045da   0x00000002   PAD
    0x080045dc   0x080045dc   0x00000060   Code   RO         2316    i.TIM_OC1_SetConfig  stm32f4xx_hal_tim.o
    0x0800463c   0x0800463c   0x00000068   Code   RO         2317    i.TIM_OC2_SetConfig  stm32f4xx_hal_tim.o
    0x080046a4   0x080046a4   0x00000068   Code   RO         2318    i.TIM_OC3_SetConfig  stm32f4xx_hal_tim.o
    0x0800470c   0x0800470c   0x00000048   Code   RO         2319    i.TIM_OC4_SetConfig  stm32f4xx_hal_tim.o
    0x08004754   0x08004754   0x00000026   Code   RO         2321    i.TIM_TI1_ConfigInputStage  stm32f4xx_hal_tim.o
    0x0800477a   0x0800477a   0x00000028   Code   RO         2323    i.TIM_TI2_ConfigInputStage  stm32f4xx_hal_tim.o
    0x080047a2   0x080047a2   0x00000014   Code   RO         3234    i.UART_DMAAbortOnError  stm32f4xx_hal_uart.o
    0x080047b6   0x080047b6   0x0000006c   Code   RO         3244    i.UART_EndRxTransfer  stm32f4xx_hal_uart.o
    0x08004822   0x08004822   0x00000020   Code   RO         3245    i.UART_EndTransmit_IT  stm32f4xx_hal_uart.o
    0x08004842   0x08004842   0x00000002   PAD
    0x08004844   0x08004844   0x00000068   Code   RO         3818    i.UART_IDLECallBack  ctrl.o
    0x080048ac   0x080048ac   0x000000f8   Code   RO         3247    i.UART_Receive_IT   stm32f4xx_hal_uart.o
    0x080049a4   0x080049a4   0x0000022c   Code   RO         3248    i.UART_SetConfig    stm32f4xx_hal_uart.o
    0x08004bd0   0x08004bd0   0x00000046   Code   RO         3250    i.UART_Start_Receive_IT  stm32f4xx_hal_uart.o
    0x08004c16   0x08004c16   0x00000060   Code   RO         3251    i.UART_Transmit_IT  stm32f4xx_hal_uart.o
    0x08004c76   0x08004c76   0x00000092   Code   RO         3252    i.UART_WaitOnFlagUntilTimeout  stm32f4xx_hal_uart.o
    0x08004d08   0x08004d08   0x00000014   Code   RO          363    i.USART1_IRQHandler  stm32f4xx_it.o
    0x08004d1c   0x08004d1c   0x00000004   Code   RO          364    i.UsageFault_Handler  stm32f4xx_it.o
    0x08004d20   0x08004d20   0x00000030   Code   RO         4188    i.__ARM_fpclassify  m_wm.l(fpclassify.o)
    0x08004d50   0x08004d50   0x00000010   Code   RO         1828    i.__NVIC_GetPriorityGrouping  stm32f4xx_hal_cortex.o
    0x08004d60   0x08004d60   0x00000028   Code   RO         1829    i.__NVIC_SetPriority  stm32f4xx_hal_cortex.o
    0x08004d88   0x08004d88   0x00000080   Code   RO         3976    i.__hardfp_tan      m_wm.l(tan.o)
    0x08004e08   0x08004e08   0x00000438   Code   RO         4093    i.__ieee754_rem_pio2  m_wm.l(rred.o)
    0x08005240   0x08005240   0x000000f8   Code   RO         4190    i.__kernel_poly     m_wm.l(poly.o)
    0x08005338   0x08005338   0x00000350   Code   RO         4098    i.__kernel_tan      m_wm.l(tan_i.o)
    0x08005688   0x08005688   0x00000014   Code   RO         4080    i.__mathlib_dbl_infnan  m_wm.l(dunder.o)
    0x0800569c   0x0800569c   0x00000004   PAD
    0x080056a0   0x080056a0   0x00000020   Code   RO         4082    i.__mathlib_dbl_invalid  m_wm.l(dunder.o)
    0x080056c0   0x080056c0   0x00000020   Code   RO         4085    i.__mathlib_dbl_underflow  m_wm.l(dunder.o)
    0x080056e0   0x080056e0   0x0000000e   Code   RO         3929    i._is_digit         c_w.l(__printf_wp.o)
    0x080056ee   0x080056ee   0x00000024   Code   RO         3866    i.abs_64            draw.o
    0x08005712   0x08005712   0x00000002   PAD
    0x08005714   0x08005714   0x000000dc   Code   RO         3867    i.draw_arc          draw.o
    0x080057f0   0x080057f0   0x00000e14   Code   RO         3868    i.draw_bgd          draw.o
    0x08006604   0x08006604   0x00000018   Code   RO         4184    i.fabs              m_wm.l(fabs.o)
    0x0800661c   0x0800661c   0x00000070   Code   RO           15    i.main              main.o
    0x0800668c   0x0800668c   0x00000034   Code   RO         3636    i.oled_write_byte   oled.o
    0x080066c0   0x080066c0   0x0000000e   Code   RO         3819    i.pwm_cvt           ctrl.o
    0x080066ce   0x080066ce   0x00000002   PAD
    0x080066d0   0x080066d0   0x0000004c   Code   RO         3596    i.request_distance  ls53l1m.o
    0x0800671c   0x0800671c   0x000000dc   Code   RO         3869    i.tan_deg           draw.o
    0x080067f8   0x080067f8   0x0000002c   Code   RO         4172    locale$$code        c_w.l(lc_numeric_c.o)
    0x08006824   0x08006824   0x0000002c   Code   RO         4263    locale$$code        c_w.l(lc_ctype_c.o)
    0x08006850   0x08006850   0x00000018   Code   RO         4174    x$fpl$basic         fz_wm.l(basic.o)
    0x08006868   0x08006868   0x00000062   Code   RO         3948    x$fpl$d2f           fz_wm.l(d2f.o)
    0x080068ca   0x080068ca   0x00000002   PAD
    0x080068cc   0x080068cc   0x00000150   Code   RO         3950    x$fpl$dadd          fz_wm.l(daddsub_clz.o)
    0x08006a1c   0x08006a1c   0x000002b0   Code   RO         3957    x$fpl$ddiv          fz_wm.l(ddiv.o)
    0x08006ccc   0x08006ccc   0x0000005e   Code   RO         4176    x$fpl$dfix          fz_wm.l(dfix.o)
    0x08006d2a   0x08006d2a   0x00000002   PAD
    0x08006d2c   0x08006d2c   0x0000005a   Code   RO         3960    x$fpl$dfixu         fz_wm.l(dfixu.o)
    0x08006d86   0x08006d86   0x0000002e   Code   RO         3965    x$fpl$dflt          fz_wm.l(dflt_clz.o)
    0x08006db4   0x08006db4   0x00000026   Code   RO         3964    x$fpl$dfltu         fz_wm.l(dflt_clz.o)
    0x08006dda   0x08006dda   0x00000002   PAD
    0x08006ddc   0x08006ddc   0x00000154   Code   RO         3970    x$fpl$dmul          fz_wm.l(dmul.o)
    0x08006f30   0x08006f30   0x0000009c   Code   RO         4064    x$fpl$dnaninf       fz_wm.l(dnaninf.o)
    0x08006fcc   0x08006fcc   0x0000000c   Code   RO         4066    x$fpl$dretinf       fz_wm.l(dretinf.o)
    0x08006fd8   0x08006fd8   0x00000016   Code   RO         3951    x$fpl$drsb          fz_wm.l(daddsub_clz.o)
    0x08006fee   0x08006fee   0x00000002   PAD
    0x08006ff0   0x08006ff0   0x000001d4   Code   RO         3952    x$fpl$dsub          fz_wm.l(daddsub_clz.o)
    0x080071c4   0x080071c4   0x00000056   Code   RO         3972    x$fpl$f2d           fz_wm.l(f2d.o)
    0x0800721a   0x0800721a   0x0000008c   Code   RO         4068    x$fpl$fnaninf       fz_wm.l(fnaninf.o)
    0x080072a6   0x080072a6   0x0000000a   Code   RO         4271    x$fpl$fpinit        fz_wm.l(fpinit.o)
    0x080072b0   0x080072b0   0x0000000a   Code   RO         4070    x$fpl$fretinf       fz_wm.l(fretinf.o)
    0x080072ba   0x080072ba   0x00000004   Code   RO         3974    x$fpl$printf1       fz_wm.l(printf1.o)
    0x080072be   0x080072be   0x00000004   Code   RO         4072    x$fpl$printf2       fz_wm.l(printf2.o)
    0x080072c2   0x080072c2   0x00000000   Code   RO         4078    x$fpl$usenofp       fz_wm.l(usenofp.o)
    0x080072c2   0x080072c2   0x00000018   Data   RO         3561    .constdata          system_stm32f4xx.o
    0x080072da   0x080072da   0x00001074   Data   RO         3638    .constdata          oled.o
    0x0800834e   0x0800834e   0x00000011   Data   RO         3937    .constdata          c_w.l(__printf_flags_ss_wp.o)
    0x0800835f   0x0800835f   0x00000001   PAD
    0x08008360   0x08008360   0x00000008   Data   RO         4012    .constdata          c_w.l(_printf_wctomb.o)
    0x08008368   0x08008368   0x00000028   Data   RO         4041    .constdata          c_w.l(_printf_hex_int_ll_ptr.o)
    0x08008390   0x08008390   0x000000c8   Data   RO         4095    .constdata          m_wm.l(rred.o)
    0x08008458   0x08008458   0x00000060   Data   RO         4099    .constdata          m_wm.l(tan_i.o)
    0x080084b8   0x080084b8   0x00000026   Data   RO         4134    .constdata          c_w.l(_printf_fp_hex.o)
    0x080084de   0x080084de   0x00000002   PAD
    0x080084e0   0x080084e0   0x00000094   Data   RO         4145    .constdata          c_w.l(bigflt0.o)
    0x08008574   0x08008574   0x00000020   Data   RO         4342    Region$$Table       anon$$obj.o
    0x08008594   0x08008594   0x0000001c   Data   RO         4171    locale$$data        c_w.l(lc_numeric_c.o)
    0x080085b0   0x080085b0   0x00000110   Data   RO         4262    locale$$data        c_w.l(lc_ctype_c.o)


    Execution Region RW_IRAM1 (Exec base: 0x20000000, Load base: 0x080086c0, Size: 0x00000e10, Max: 0x00010000, ABSOLUTE)

    Exec Addr    Load Addr    Size         Type   Attr      Idx    E Section Name        Object

    0x20000000   0x080086c0   0x00000009   Data   RW         1977    .data               stm32f4xx_hal.o
    0x20000009   0x080086c9   0x00000003   PAD
    0x2000000c   0x080086cc   0x00000004   Data   RW         3562    .data               system_stm32f4xx.o
    0x20000010   0x080086d0   0x00000006   Data   RW         3639    .data               oled.o
    0x20000016   0x080086d6   0x0000000c   Data   RW         3821    .data               ctrl.o
    0x20000022   0x080086e2   0x00000002   PAD
    0x20000024        -       0x00000054   Zero   RW          213    .bss                i2c.o
    0x20000078        -       0x000000d8   Zero   RW          258    .bss                tim.o
    0x20000150        -       0x00000044   Zero   RW          315    .bss                usart.o
    0x20000194        -       0x00000480   Zero   RW         3637    .bss                oled.o
    0x20000614        -       0x0000019c   Zero   RW         3820    .bss                ctrl.o
    0x200007b0        -       0x00000060   Zero   RW         4193    .bss                c_w.l(libspace.o)
    0x20000810        -       0x00000200   Zero   RW            2    HEAP                startup_stm32f401xc.o
    0x20000a10        -       0x00000400   Zero   RW            1    STACK               startup_stm32f401xc.o


==============================================================================

Image component sizes


      Code (inc. data)   RO Data    RW Data    ZI Data      Debug   Object Name

       758        126          0         12        412       3309   ctrl.o
      4080         40          0          0          0       3801   draw.o
       100          4          0          0          0        851   gpio.o
       196         26          0          0         84       1665   i2c.o
        76          4          0          0          0        539   ls53l1m.o
       298         30          0          0          0     431153   main.o
       772         34       4212          6       1152       7303   oled.o
        64         26        404          0       1536        844   startup_stm32f401xc.o
       172         32          0          9          0       8621   stm32f4xx_hal.o
       304         22          0          0          0      34463   stm32f4xx_hal_cortex.o
       212          0          0          0          0       1955   stm32f4xx_hal_dma.o
       456         34          0          0          0       1436   stm32f4xx_hal_gpio.o
      1600         32          0          0          0       8145   stm32f4xx_hal_i2c.o
        72          4          0          0          0        858   stm32f4xx_hal_msp.o
      1820         84          0          0          0       5628   stm32f4xx_hal_rcc.o
      2352        116          0          0          0      17105   stm32f4xx_hal_tim.o
       160         22          0          0          0       2493   stm32f4xx_hal_tim_ex.o
      2408         14          0          0          0      12564   stm32f4xx_hal_uart.o
        78         12          0          0          0       5253   stm32f4xx_it.o
        20          6         24          4          0       1135   system_stm32f4xx.o
       548         58          0          0        216       3630   tim.o
       208         22          0          0         68       1710   usart.o

    ----------------------------------------------------------------------
     16780        748       4672         36       3468     554461   Object Totals
         0          0         32          0          0          0   (incl. Generated)
        26          0          0          5          0          0   (incl. Padding)

    ----------------------------------------------------------------------

      Code (inc. data)   RO Data    RW Data    ZI Data      Debug   Library Member Name

         8          0          0          0          0         68   __main.o
       392          4         17          0          0         92   __printf_flags_ss_wp.o
        14          0          0          0          0         68   __printf_wp.o
         0          0          0          0          0          0   __rtentry.o
        12          0          0          0          0          0   __rtentry2.o
         6          0          0          0          0          0   __rtentry4.o
        52          8          0          0          0          0   __scatter.o
        26          0          0          0          0          0   __scatter_copy.o
        28          0          0          0          0          0   __scatter_zi.o
         6          0          0          0          0          0   _printf_a.o
         6          0          0          0          0          0   _printf_c.o
        44          0          0          0          0        108   _printf_char.o
        48          6          0          0          0         96   _printf_char_common.o
        40          0          0          0          0         68   _printf_charcount.o
         6          0          0          0          0          0   _printf_d.o
       120         16          0          0          0         92   _printf_dec.o
         6          0          0          0          0          0   _printf_e.o
         6          0          0          0          0          0   _printf_f.o
      1054          0          0          0          0        216   _printf_fp_dec.o
       764          8         38          0          0        100   _printf_fp_hex.o
       128         16          0          0          0         84   _printf_fp_infnan.o
         6          0          0          0          0          0   _printf_g.o
       148          4         40          0          0        160   _printf_hex_int_ll_ptr.o
         6          0          0          0          0          0   _printf_i.o
       178          0          0          0          0         88   _printf_intcommon.o
        10          0          0          0          0          0   _printf_l.o
         6          0          0          0          0          0   _printf_lc.o
        10          0          0          0          0          0   _printf_ll.o
         6          0          0          0          0          0   _printf_lld.o
         6          0          0          0          0          0   _printf_lli.o
         6          0          0          0          0          0   _printf_llo.o
         6          0          0          0          0          0   _printf_llu.o
         6          0          0          0          0          0   _printf_llx.o
       124         16          0          0          0         92   _printf_longlong_dec.o
         6          0          0          0          0          0   _printf_ls.o
         6          0          0          0          0          0   _printf_n.o
         6          0          0          0          0          0   _printf_o.o
       112         10          0          0          0        124   _printf_oct_int_ll.o
         6          0          0          0          0          0   _printf_p.o
        78          0          0          0          0        108   _printf_pad.o
         0          0          0          0          0          0   _printf_percent.o
         4          0          0          0          0          0   _printf_percent_end.o
         6          0          0          0          0          0   _printf_s.o
        82          0          0          0          0         80   _printf_str.o
        36          0          0          0          0         84   _printf_truncate.o
         6          0          0          0          0          0   _printf_u.o
        44          0          0          0          0        108   _printf_wchar.o
       188          6          8          0          0         92   _printf_wctomb.o
         6          0          0          0          0          0   _printf_x.o
        22          0          0          0          0        100   _rserrno.o
        10          0          0          0          0         68   _sputc.o
        64          0          0          0          0         92   _wcrtomb.o
       228          4        148          0          0         96   bigflt0.o
      1936        128          0          0          0        672   btod.o
        18          0          0          0          0         80   exit.o
         6          0          0          0          0        152   heapauxi.o
         0          0          0          0          0          0   indicate_semi.o
        44         10        272          0          0         76   lc_ctype_c.o
        44         10         28          0          0         76   lc_numeric_c.o
         2          0          0          0          0          0   libinit.o
        34          0          0          0          0          0   libinit2.o
         2          0          0          0          0          0   libshutdown.o
         2          0          0          0          0          0   libshutdown2.o
         8          4          0          0         96         68   libspace.o
       138          0          0          0          0         80   lludiv10.o
       238          0          0          0          0        100   lludivv7m.o
        16          4          0          0          0         76   rt_ctype_table.o
         8          4          0          0          0         68   rt_errno_addr_intlibspace.o
         8          4          0          0          0         68   rt_locale_intlibspace.o
        78          0          0          0          0         80   rt_memclr_w.o
         2          0          0          0          0          0   rtexit.o
        10          0          0          0          0          0   rtexit2.o
       128          0          0          0          0         68   strcmpv7m.o
        12          4          0          0          0         68   sys_exit.o
        74          0          0          0          0         80   sys_stackheap_outer.o
         2          0          0          0          0         68   use_no_semi.o
        36          4          0          0          0         76   vsprintf.o
        24          0          0          0          0        164   basic.o
        98          4          0          0          0        140   d2f.o
       826         16          0          0          0        492   daddsub_clz.o
       688        140          0          0          0        256   ddiv.o
        94          4          0          0          0        140   dfix.o
        90          4          0          0          0        140   dfixu.o
        84          0          0          0          0        232   dflt_clz.o
       340         12          0          0          0        152   dmul.o
       156          4          0          0          0        140   dnaninf.o
        12          0          0          0          0        116   dretinf.o
        86          4          0          0          0        132   f2d.o
       140          4          0          0          0        132   fnaninf.o
        10          0          0          0          0        116   fpinit.o
        10          0          0          0          0        116   fretinf.o
         4          0          0          0          0        116   printf1.o
         4          0          0          0          0        116   printf2.o
         0          0          0          0          0          0   usenofp.o
        84         16          0          0          0        372   dunder.o
        24          0          0          0          0        124   fabs.o
        48          0          0          0          0        124   fpclassify.o
       248          0          0          0          0        152   poly.o
      1080        142        200          0          0        188   rred.o
       128         20          0          0          0        144   tan.o
       848         84         96          0          0        196   tan_i.o

    ----------------------------------------------------------------------
     12194        724        850          0         96       8240   Library Totals
        28          0          3          0          0          0   (incl. Padding)

    ----------------------------------------------------------------------

      Code (inc. data)   RO Data    RW Data    ZI Data      Debug   Library Name

      7040        270        551          0         96       4240   c_w.l
      2666        192          0          0          0       2700   fz_wm.l
      2460        262        296          0          0       1300   m_wm.l

    ----------------------------------------------------------------------
     12194        724        850          0         96       8240   Library Totals

    ----------------------------------------------------------------------

==============================================================================


      Code (inc. data)   RO Data    RW Data    ZI Data      Debug   

     28974       1472       5522         36       3564     547213   Grand Totals
     28974       1472       5522         36       3564     547213   ELF Image Totals
     28974       1472       5522         36          0          0   ROM Totals

==============================================================================

    Total RO  Size (Code + RO Data)                34496 (  33.69kB)
    Total RW  Size (RW Data + ZI Data)              3600 (   3.52kB)
    Total ROM Size (Code + RO Data + RW Data)      34532 (  33.72kB)

==============================================================================

